> I
< I bench-one worker 1 nsel 10 banksz 8388608 blk 8192 bits 4,2 fcpu 600000000
> P 0 0
< P 1 13 93 83 50
> P 1 0
< P 1 13 93 83 50
> P 2 0
< P 1 13 93 83 49
> P 2 1
< P 1 13 93 83 49
> P 2 2
< P 1 13 93 83 49
> P 2 3
< P 1 13 93 83 49
> P 2 4
< P 1 13 93 83 49
> P 2 5
< P 1 13 93 83 49
> P 2 6
< P 0 0 0 0 0
> P 2 7
< P 0 0 0 0 0
> Q 0
< Q 0
> U 0
< U 0
> B 0 0
< B ok
> T 7 9 16
< T 16 24 16
> T 7 0 16
< T 16 4 16
> F 0 32768
< F 3737237
> V 0 32768
< V 26249 1674820
> T 7 1 16
< T 16 5 16
> F 0 32768
< F 3737268
> V 0 32768
< V 27877 1740303
> T 7 2 16
< T 16 6 16
> F 0 32768
< F 3737266
> V 0 32768
< V 24609 1789509
> T 7 3 16
< T 16 8 16
> F 0 32768
< F 3737243
> V 0 32768
< V 0 2750032
> T 0 3 16
< T 4 8 16
> F 0 32768
< F 1166175
> V 0 32768
< V 0 2750066
> T 0 3 16
< T 4 8 16
> R 96
< R 96 5521
> R 32
< R 32 2146
> W 96
< W 96 2447
> W 32
< W 32 975
> Q 0
< Q 0
> U 0
< U 0
> B 0 0
< B ok
> T 0 3 64
< T 4 8 64
> F 0 1048576
< F 28991371
> V 0 1048576
< V 0 65254046
> Q 0
< Q 0
> U 0
< U 0
> B 1 0
< B ok
> T 7 9 16
< T 16 24 16
> T 7 0 16
< T 16 4 16
> F 0 32768
< F 3737232
> V 0 32768
< V 2547 1674817
> T 7 1 16
< T 16 5 16
> F 0 32768
< F 3737242
> V 0 32768
< V 12778 1740348
> T 7 2 16
< T 16 6 16
> F 0 32768
< F 3737271
> V 0 32768
< V 12093 1789509
> T 7 3 16
< T 16 8 16
> F 0 32768
< F 3737243
> V 0 32768
< V 0 2750067
> T 0 3 16
< T 4 8 16
> F 0 32768
< F 1166178
> V 0 32768
< V 0 2750062
> T 0 3 16
< T 4 8 16
> R 96
< R 96 5521
> R 32
< R 32 2146
> W 96
< W 96 2447
> W 32
< W 32 975
> Q 0
< Q 0
> U 0
< U 0
> B 1 0
< B ok
> T 0 3 64
< T 4 8 64
> F 0 1048576
< F 28991377
> V 0 1048576
< V 0 65254043
> Q 0
< Q 0
> U 0
< U 0
> B 2 0
< B ok
> T 7 9 16
< T 16 24 16
> T 7 0 16
< T 16 4 16
> F 0 32768
< F 3737265
> V 0 32768
< V 32640 1674815
> T 7 1 16
< T 16 5 16
> F 0 32768
< F 3737249
> V 0 32768
< V 32653 1740330
> T 7 2 16
< T 16 6 16
> F 0 32768
< F 3737235
> V 0 32768
< V 32640 1789507
> T 7 3 16
< T 16 8 16
> F 0 32768
< F 3737268
> V 0 32768
< V 32640 2750064
> T 7 4 16
< T 16 10 16
> F 0 32768
< F 3737236
> V 0 32768
< V 32638 2426685
> T 7 5 16
< T 16 12 16
> F 0 32768
< F 3737240
> V 0 32768
< V 32640 4093739
> T 7 6 16
< T 16 14 16
> F 0 32768
< F 3737247
> V 0 32768
< V 32640 3886778
> T 7 7 16
< T 16 16 16
> F 0 32768
< F 3737267
> V 0 32768
< V 32640 4613850
> T 7 8 16
< T 16 20 16
> F 0 32768
< F 3737242
> V 0 32768
< V 32575 5016815
> T 7 9 16
< T 16 24 16
> F 0 32768
< F 3737260
> V 0 32768
< V 32640 5195599
> Q 0
< Q 0
> U 16
< U 16
> B 2 0
< B ok
> T 7 9 16
< T 16 24 16
> T 7 0 16
< T 16 4 16
> F 0 32768
< F 3847855
> V 0 32768
< V 32636 1785438
> T 7 1 16
< T 16 5 16
> F 0 32768
< F 3847856
> V 0 32768
< V 32648 1850936
> T 7 2 16
< T 16 6 16
> F 0 32768
< F 3847845
> V 0 32768
< V 32640 1898063
> T 7 3 16
< T 16 8 16
> F 0 32768
< F 3847852
> V 0 32768
< V 32640 2860684
> T 7 4 16
< T 16 10 16
> F 0 32768
< F 3847840
> V 0 32768
< V 32640 2535387
> T 7 5 16
< T 16 12 16
> F 0 32768
< F 3847852
> V 0 32768
< V 32640 4206371
> T 7 6 16
< T 16 14 16
> F 0 32768
< F 3847881
> V 0 32768
< V 32640 3995319
> T 7 7 16
< T 16 16 16
> F 0 32768
< F 3847855
> V 0 32768
< V 32640 4724471
> T 7 8 16
< T 16 20 16
> F 0 32768
< F 3847852
> V 0 32768
< V 32585 5123296
> T 7 9 16
< T 16 24 16
> F 0 32768
< F 3847853
> V 0 32768
< V 32640 5304127
> Q 1
< Q 1
> U 0
< U 0
> B 2 0
< B ok
> T 7 9 16
< T 16 24 16
> T 7 0 16
< T 16 4 16
> F 0 32768
< F 11292700
> V 0 32768
< V 32640 5811941
> T 7 1 16
< T 16 5 16
> F 0 32768
< F 11292667
> V 0 32768
< V 32640 6104786
> T 7 2 16
< T 16 6 16
> F 0 32768
< F 11292701
> V 0 32768
< V 32640 6205210
> T 7 3 16
< T 16 8 16
> F 0 32768
< F 11292694
> V 0 32768
< V 32624 7487282
> T 7 4 16
< T 16 10 16
> F 0 32768
< F 11292694
> V 0 32768
< V 32624 8173391
> T 7 5 16
< T 16 12 16
> F 0 32768
< F 11292685
> V 0 32768
< V 32624 8771425
> T 7 6 16
< T 16 14 16
> F 0 32768
< F 11292693
> V 0 32768
< V 32640 9480111
> T 7 7 16
< T 16 16 16
> F 0 32768
< F 11292672
> V 0 32768
< V 32640 10135512
> T 7 8 16
< T 16 20 16
> F 0 32768
< F 11292701
> V 0 32768
< V 32624 11905029
> T 7 9 16
< T 16 24 16
> F 0 32768
< F 11292696
> V 0 32768
< V 32640 13215847
> Q 1
< Q 1
> U 16
< U 16
> B 2 0
< B ok
> T 7 9 16
< T 16 24 16
> T 7 0 16
< T 16 4 16
> F 0 32768
< F 11407386
> V 0 32768
< V 28580 5922569
> T 7 1 16
< T 16 5 16
> F 0 32768
< F 11407383
> V 0 32768
< V 7683 6215388
> T 7 2 16
< T 16 6 16
> F 0 32768
< F 11407388
> V 0 32768
< V 8192 6315775
> T 7 3 16
< T 16 8 16
> F 0 32768
< F 11407385
> V 0 32768
< V 0 7597890
> T 0 3 16
< T 4 8 16
> F 0 32768
< F 4097702
> V 0 32768
< V 0 7597929
> T 0 3 16
< T 4 8 16
> R 96
< R 96 17406
> R 32
< R 32 6590
> W 96
< W 96 9661
> W 32
< W 32 3533
> Q 1
< Q 1
> U 16
< U 16
> B 2 0
< B ok
> T 0 3 16
< T 4 8 16
> F 0 1048576
< F 131087704
> V 0 1048576
< V 0 243094831
> Q 0
< Q 0
> U 0
< U 0
> B 2 1
< B ok
> T 7 9 16
< T 16 24 16
> T 7 0 16
< T 16 4 16
> F 0 32768
< F 3737238
> V 0 32768
< V 32640 1674817
> T 7 1 16
< T 16 5 16
> F 0 32768
< F 3737265
> V 0 32768
< V 32763 1740335
> T 7 2 16
< T 16 6 16
> F 0 32768
< F 3737246
> V 0 32768
< V 32640 1789515
> T 7 3 16
< T 16 8 16
> F 0 32768
< F 3737240
> V 0 32768
< V 32638 2750068
> T 7 4 16
< T 16 10 16
> F 0 32768
< F 3737245
> V 0 32768
< V 32618 2426658
> T 7 5 16
< T 16 12 16
> F 0 32768
< F 3737237
> V 0 32768
< V 32641 4093722
> T 7 6 16
< T 16 14 16
> F 0 32768
< F 3737239
> V 0 32768
< V 32640 3886797
> T 7 7 16
< T 16 16 16
> F 0 32768
< F 3737240
> V 0 32768
< V 32640 4613867
> T 7 8 16
< T 16 20 16
> F 0 32768
< F 3737235
> V 0 32768
< V 32638 5016775
> T 7 9 16
< T 16 24 16
> F 0 32768
< F 3737237
> V 0 32768
< V 32640 5195588
> Q 0
< Q 0
> U 16
< U 16
> B 2 1
< B ok
> T 7 9 16
< T 16 24 16
> T 7 0 16
< T 16 4 16
> F 0 32768
< F 3847851
> V 0 32768
< V 32098 1785411
> T 7 1 16
< T 16 5 16
> F 0 32768
< F 3847854
> V 0 32768
< V 32384 1850934
> T 7 2 16
< T 16 6 16
> F 0 32768
< F 3847853
> V 0 32768
< V 32640 1898062
> T 7 3 16
< T 16 8 16
> F 0 32768
< F 3847852
> V 0 32768
< V 6397 2860685
> T 7 4 16
< T 16 10 16
> F 0 32768
< F 3847878
> V 0 32768
< V 23071 2535349
> T 7 5 16
< T 16 12 16
> F 0 32768
< F 3847845
> V 0 32768
< V 17121 4206373
> T 7 6 16
< T 16 14 16
> F 0 32768
< F 3847847
> V 0 32768
< V 32640 3995345
> T 7 7 16
< T 16 16 16
> F 0 32768
< F 3847850
> V 0 32768
< V 32640 4724479
> T 7 8 16
< T 16 20 16
> F 0 32768
< F 3847843
> V 0 32768
< V 32638 5123302
> T 7 9 16
< T 16 24 16
> F 0 32768
< F 3847866
> V 0 32768
< V 32640 5304135
> Q 1
< Q 1
> U 0
< U 0
> B 2 1
< B ok
> T 7 9 16
< T 16 24 16
> T 7 0 16
< T 16 4 16
> F 0 32768
< F 11292691
> V 0 32768
< V 32640 5811939
> T 7 1 16
< T 16 5 16
> F 0 32768
< F 11292696
> V 0 32768
< V 32640 6104786
> T 7 2 16
< T 16 6 16
> F 0 32768
< F 11292701
> V 0 32768
< V 32640 6205214
> T 7 3 16
< T 16 8 16
> F 0 32768
< F 11292700
> V 0 32768
< V 32624 7487322
> T 7 4 16
< T 16 10 16
> F 0 32768
< F 11292693
> V 0 32768
< V 32624 8173407
> T 7 5 16
< T 16 12 16
> F 0 32768
< F 11292696
> V 0 32768
< V 32624 8771426
> T 7 6 16
< T 16 14 16
> F 0 32768
< F 11292691
> V 0 32768
< V 32640 9480112
> T 7 7 16
< T 16 16 16
> F 0 32768
< F 11292695
> V 0 32768
< V 32640 10135533
> T 7 8 16
< T 16 20 16
> F 0 32768
< F 11292692
> V 0 32768
< V 32624 11905052
> T 7 9 16
< T 16 24 16
> F 0 32768
< F 11292702
> V 0 32768
< V 32640 13215853
> Q 1
< Q 1
> U 16
< U 16
> B 2 1
< B ok
> T 7 9 16
< T 16 24 16
> T 7 0 16
< T 16 4 16
> F 0 32768
< F 11407383
> V 0 32768
< V 2 5922563
> T 7 1 16
< T 16 5 16
> F 0 32768
< F 11407380
> V 0 32768
< V 0 6215381
> T 0 1 16
< T 4 5 16
> F 0 32768
< F 4097695
> V 0 32768
< V 0 6215417
> T 0 1 16
< T 4 5 16
> R 96
< R 96 15365
> R 32
< R 32 5635
> W 96
< W 96 9661
> W 32
< W 32 3533
> Q 1
< Q 1
> U 16
< U 16
> B 2 1
< B ok
> T 0 1 16
< T 4 5 16
> F 0 1048576
< F 131087675
> V 0 1048576
< V 1 198855007
> T 0 2 16
< T 4 6 16
> R 96
< R 96 15496
> R 32
< R 32 5702
> W 96
< W 96 9661
> W 32
< W 32 3533
> Q 1
< Q 1
> U 16
< U 16
> B 2 1
< B ok
> T 0 2 16
< T 4 6 16
> F 0 1048576
< F 131087679
> V 0 1048576
< V 1 202066460
> T 0 3 16
< T 4 8 16
> R 96
< R 96 17406
> R 32
< R 32 6586
> W 96
< W 96 9661
> W 32
< W 32 3533
> Q 1
< Q 1
> U 16
< U 16
> B 2 1
< B ok
> T 0 3 16
< T 4 8 16
> F 0 1048576
< F 131087692
> V 0 1048576
< V 0 243094817
> Q 0
< Q 0
> U 0
< U 0
> B 2 2
< B ok
> T 7 9 16
< T 16 24 16
> T 7 0 16
< T 16 4 16
> F 0 32768
< F 3737238
> V 0 32768
< V 32640 1674820
> T 7 1 16
< T 16 5 16
> F 0 32768
< F 3737244
> V 0 32768
< V 32743 1740332
> T 7 2 16
< T 16 6 16
> F 0 32768
< F 3737241
> V 0 32768
< V 32762 1789510
> T 7 3 16
< T 16 8 16
> F 0 32768
< F 3737240
> V 0 32768
< V 32636 2750061
> T 7 4 16
< T 16 10 16
> F 0 32768
< F 3737233
> V 0 32768
< V 32641 2426647
> T 7 5 16
< T 16 12 16
> F 0 32768
< F 3737276
> V 0 32768
< V 32594 4093743
> T 7 6 16
< T 16 14 16
> F 0 32768
< F 3737234
> V 0 32768
< V 32640 3886807
> T 7 7 16
< T 16 16 16
> F 0 32768
< F 3737247
> V 0 32768
< V 32640 4613880
> T 7 8 16
< T 16 20 16
> F 0 32768
< F 3737239
> V 0 32768
< V 32636 5016785
> T 7 9 16
< T 16 24 16
> F 0 32768
< F 3737242
> V 0 32768
< V 32640 5195593
> Q 0
< Q 0
> U 16
< U 16
> B 2 2
< B ok
> T 7 9 16
< T 16 24 16
> T 7 0 16
< T 16 4 16
> F 0 32768
< F 3847868
> V 0 32768
< V 32340 1785427
> T 7 1 16
< T 16 5 16
> F 0 32768
< F 3847882
> V 0 32768
< V 32384 1850938
> T 7 2 16
< T 16 6 16
> F 0 32768
< F 3847843
> V 0 32768
< V 32760 1898092
> T 7 3 16
< T 16 8 16
> F 0 32768
< F 3847852
> V 0 32768
< V 19831 2860684
> T 7 4 16
< T 16 10 16
> F 0 32768
< F 3847874
> V 0 32768
< V 32640 2535360
> T 7 5 16
< T 16 12 16
> F 0 32768
< F 3847874
> V 0 32768
< V 18715 4206360
> T 7 6 16
< T 16 14 16
> F 0 32768
< F 3847851
> V 0 32768
< V 16511 3995355
> T 7 7 16
< T 16 16 16
> F 0 32768
< F 3847881
> V 0 32768
< V 14875 4724471
> T 7 8 16
< T 16 20 16
> F 0 32768
< F 3847871
> V 0 32768
< V 14498 5123290
> T 7 9 16
< T 16 24 16
> F 0 32768
< F 3847838
> V 0 32768
< V 16579 5304111
> Q 1
< Q 1
> U 0
< U 0
> B 2 2
< B ok
> T 7 9 16
< T 16 24 16
> T 7 0 16
< T 16 4 16
> F 0 32768
< F 11292692
> V 0 32768
< V 32640 5811967
> T 7 1 16
< T 16 5 16
> F 0 32768
< F 11292696
> V 0 32768
< V 32640 6104790
> T 7 2 16
< T 16 6 16
> F 0 32768
< F 11292691
> V 0 32768
< V 32640 6205178
> T 7 3 16
< T 16 8 16
> F 0 32768
< F 11292691
> V 0 32768
< V 32640 7487324
> T 7 4 16
< T 16 10 16
> F 0 32768
< F 11292697
> V 0 32768
< V 32640 8173429
> T 7 5 16
< T 16 12 16
> F 0 32768
< F 11292699
> V 0 32768
< V 32640 8771457
> T 7 6 16
< T 16 14 16
> F 0 32768
< F 11292703
> V 0 32768
< V 32640 9480113
> T 7 7 16
< T 16 16 16
> F 0 32768
< F 11292662
> V 0 32768
< V 32640 10135526
> T 7 8 16
< T 16 20 16
> F 0 32768
< F 11292692
> V 0 32768
< V 32640 11905057
> T 7 9 16
< T 16 24 16
> F 0 32768
< F 11292685
> V 0 32768
< V 32640 13215857
> Q 1
< Q 1
> U 16
< U 16
> B 2 2
< B ok
> T 7 9 16
< T 16 24 16
> T 7 0 16
< T 16 4 16
> F 0 32768
< F 11407380
> V 0 32768
< V 25548 5922537
> T 7 1 16
< T 16 5 16
> F 0 32768
< F 11407413
> V 0 32768
< V 6290 6215389
> T 7 2 16
< T 16 6 16
> F 0 32768
< F 11407386
> V 0 32768
< V 6978 6315788
> T 7 3 16
< T 16 8 16
> F 0 32768
< F 11407385
> V 0 32768
< V 0 7597902
> T 0 3 16
< T 4 8 16
> F 0 32768
< F 4097704
> V 0 32768
< V 0 7597932
> T 0 3 16
< T 4 8 16
> R 96
< R 96 17406
> R 32
< R 32 6590
> W 96
< W 96 9661
> W 32
< W 32 3533
> Q 1
< Q 1
> U 16
< U 16
> B 2 2
< B ok
> T 0 3 16
< T 4 8 16
> F 0 1048576
< F 131087706
> V 0 1048576
< V 0 243094826
> Q 0
< Q 0
> U 0
< U 0
> B 2 3
< B ok
> T 7 9 16
< T 16 24 16
> T 7 0 16
< T 16 4 16
> F 0 32768
< F 3737271
> V 0 32768
< V 32640 1674814
> T 7 1 16
< T 16 5 16
> F 0 32768
< F 3737270
> V 0 32768
< V 32640 1740336
> T 7 2 16
< T 16 6 16
> F 0 32768
< F 3737241
> V 0 32768
< V 32700 1789508
> T 7 3 16
< T 16 8 16
> F 0 32768
< F 3737242
> V 0 32768
< V 32633 2750061
> T 7 4 16
< T 16 10 16
> F 0 32768
< F 3737234
> V 0 32768
< V 32640 2426654
> T 7 5 16
< T 16 12 16
> F 0 32768
< F 3737242
> V 0 32768
< V 32632 4093721
> T 7 6 16
< T 16 14 16
> F 0 32768
< F 3737240
> V 0 32768
< V 32640 3886784
> T 7 7 16
< T 16 16 16
> F 0 32768
< F 3737233
> V 0 32768
< V 32640 4613871
> T 7 8 16
< T 16 20 16
> F 0 32768
< F 3737232
> V 0 32768
< V 32642 5016803
> T 7 9 16
< T 16 24 16
> F 0 32768
< F 3737233
> V 0 32768
< V 32640 5195587
> Q 0
< Q 0
> U 16
< U 16
> B 2 3
< B ok
> T 7 9 16
< T 16 24 16
> T 7 0 16
< T 16 4 16
> F 0 32768
< F 3847845
> V 0 32768
< V 32256 1785411
> T 7 1 16
< T 16 5 16
> F 0 32768
< F 3847876
> V 0 32768
< V 32141 1850934
> T 7 2 16
< T 16 6 16
> F 0 32768
< F 3847857
> V 0 32768
< V 31910 1898094
> T 7 3 16
< T 16 8 16
> F 0 32768
< F 3847850
> V 0 32768
< V 18022 2860677
> T 7 4 16
< T 16 10 16
> F 0 32768
< F 3847849
> V 0 32768
< V 32640 2535392
> T 7 5 16
< T 16 12 16
> F 0 32768
< F 3847854
> V 0 32768
< V 19168 4206375
> T 7 6 16
< T 16 14 16
> F 0 32768
< F 3847848
> V 0 32768
< V 15588 3995342
> T 7 7 16
< T 16 16 16
> F 0 32768
< F 3847876
> V 0 32768
< V 14470 4724473
> T 7 8 16
< T 16 20 16
> F 0 32768
< F 3847868
> V 0 32768
< V 14885 5123297
> T 7 9 16
< T 16 24 16
> F 0 32768
< F 3847852
> V 0 32768
< V 17098 5304156
> Q 1
< Q 1
> U 0
< U 0
> B 2 3
< B ok
> T 7 9 16
< T 16 24 16
> T 7 0 16
< T 16 4 16
> F 0 32768
< F 11292696
> V 0 32768
< V 32640 5811939
> T 7 1 16
< T 16 5 16
> F 0 32768
< F 11292676
> V 0 32768
< V 32640 6104782
> T 7 2 16
< T 16 6 16
> F 0 32768
< F 11292690
> V 0 32768
< V 32640 6205180
> T 7 3 16
< T 16 8 16
> F 0 32768
< F 11292693
> V 0 32768
< V 32640 7487340
> T 7 4 16
< T 16 10 16
> F 0 32768
< F 11292700
> V 0 32768
< V 32640 8173429
> T 7 5 16
< T 16 12 16
> F 0 32768
< F 11292663
> V 0 32768
< V 32640 8771433
> T 7 6 16
< T 16 14 16
> F 0 32768
< F 11292690
> V 0 32768
< V 32640 9480085
> T 7 7 16
< T 16 16 16
> F 0 32768
< F 11292695
> V 0 32768
< V 32640 10135497
> T 7 8 16
< T 16 20 16
> F 0 32768
< F 11292698
> V 0 32768
< V 32640 11905061
> T 7 9 16
< T 16 24 16
> F 0 32768
< F 11292700
> V 0 32768
< V 32640 13215849
> Q 1
< Q 1
> U 16
< U 16
> B 2 3
< B ok
> T 7 9 16
< T 16 24 16
> T 7 0 16
< T 16 4 16
> F 0 32768
< F 11407383
> V 0 32768
< V 16386 5922535
> T 7 1 16
< T 16 5 16
> F 0 32768
< F 11407385
> V 0 32768
< V 0 6215419
> T 0 1 16
< T 4 5 16
> F 0 32768
< F 4097671
> V 0 32768
< V 0 6215402
> T 0 1 16
< T 4 5 16
> R 96
< R 96 15365
> R 32
< R 32 5637
> W 96
< W 96 9662
> W 32
< W 32 3533
> Q 1
< Q 1
> U 16
< U 16
> B 2 3
< B ok
> T 0 1 16
< T 4 5 16
> F 0 1048576
< F 131087666
> V 0 1048576
< V 1 198854953
> T 0 2 16
< T 4 6 16
> R 96
< R 96 15496
> R 32
< R 32 5704
> W 96
< W 96 9661
> W 32
< W 32 3533
> Q 1
< Q 1
> U 16
< U 16
> B 2 3
< B ok
> T 0 2 16
< T 4 6 16
> F 0 1048576
< F 131087687
> V 0 1048576
< V 1 202066424
> T 0 3 16
< T 4 8 16
> R 96
< R 96 17406
> R 32
< R 32 6590
> W 96
< W 96 9661
> W 32
< W 32 3533
> Q 1
< Q 1
> U 16
< U 16
> B 2 3
< B ok
> T 0 3 16
< T 4 8 16
> F 0 1048576
< F 131087683
> V 0 1048576
< V 0 243094836
> Q 0
< Q 0
> U 0
< U 0
> B 2 4
< B ok
> T 7 9 16
< T 16 24 16
> T 7 0 16
< T 16 4 16
> F 0 32768
< F 3737241
> V 0 32768
< V 32640 1674813
> T 7 1 16
< T 16 5 16
> F 0 32768
< F 3737244
> V 0 32768
< V 32637 1740329
> T 7 2 16
< T 16 6 16
> F 0 32768
< F 3737270
> V 0 32768
< V 32643 1789508
> T 7 3 16
< T 16 8 16
> F 0 32768
< F 3737268
> V 0 32768
< V 32637 2750032
> T 7 4 16
< T 16 10 16
> F 0 32768
< F 3737245
> V 0 32768
< V 32640 2426666
> T 7 5 16
< T 16 12 16
> F 0 32768
< F 3737241
> V 0 32768
< V 32715 4093725
> T 7 6 16
< T 16 14 16
> F 0 32768
< F 3737271
> V 0 32768
< V 32640 3886781
> T 7 7 16
< T 16 16 16
> F 0 32768
< F 3737241
> V 0 32768
< V 32640 4613841
> T 7 8 16
< T 16 20 16
> F 0 32768
< F 3737236
> V 0 32768
< V 32641 5016777
> T 7 9 16
< T 16 24 16
> F 0 32768
< F 3737268
> V 0 32768
< V 32640 5195579
> Q 0
< Q 0
> U 16
< U 16
> B 2 4
< B ok
> T 7 9 16
< T 16 24 16
> T 7 0 16
< T 16 4 16
> F 0 32768
< F 3847855
> V 0 32768
< V 32640 1785414
> T 7 1 16
< T 16 5 16
> F 0 32768
< F 3847868
> V 0 32768
< V 32767 1850937
> T 7 2 16
< T 16 6 16
> F 0 32768
< F 3847869
> V 0 32768
< V 32646 1898062
> T 7 3 16
< T 16 8 16
> F 0 32768
< F 3847852
> V 0 32768
< V 32638 2860685
> T 7 4 16
< T 16 10 16
> F 0 32768
< F 3847848
> V 0 32768
< V 32640 2535354
> T 7 5 16
< T 16 12 16
> F 0 32768
< F 3847848
> V 0 32768
< V 32641 4206376
> T 7 6 16
< T 16 14 16
> F 0 32768
< F 3847856
> V 0 32768
< V 32642 3995347
> T 7 7 16
< T 16 16 16
> F 0 32768
< F 3847877
> V 0 32768
< V 32642 4724479
> T 7 8 16
< T 16 20 16
> F 0 32768
< F 3847880
> V 0 32768
< V 32641 5123344
> T 7 9 16
< T 16 24 16
> F 0 32768
< F 3847878
> V 0 32768
< V 32641 5304153
> Q 1
< Q 1
> U 0
< U 0
> B 2 4
< B ok
> T 7 9 16
< T 16 24 16
> T 7 0 16
< T 16 4 16
> F 0 32768
< F 11292695
> V 0 32768
< V 32640 5811916
> T 7 1 16
< T 16 5 16
> F 0 32768
< F 11292695
> V 0 32768
< V 32640 6104791
> T 7 2 16
< T 16 6 16
> F 0 32768
< F 11292700
> V 0 32768
< V 32640 6205161
> T 7 3 16
< T 16 8 16
> F 0 32768
< F 11292703
> V 0 32768
< V 32640 7487322
> T 7 4 16
< T 16 10 16
> F 0 32768
< F 11292699
> V 0 32768
< V 32640 8173405
> T 7 5 16
< T 16 12 16
> F 0 32768
< F 11292669
> V 0 32768
< V 32640 8771488
> T 7 6 16
< T 16 14 16
> F 0 32768
< F 11292696
> V 0 32768
< V 32640 9480077
> T 7 7 16
< T 16 16 16
> F 0 32768
< F 11292698
> V 0 32768
< V 32640 10135523
> T 7 8 16
< T 16 20 16
> F 0 32768
< F 11292666
> V 0 32768
< V 32640 11905069
> T 7 9 16
< T 16 24 16
> F 0 32768
< F 11292696
> V 0 32768
< V 32640 13215875
> Q 1
< Q 1
> U 16
< U 16
> B 2 4
< B ok
> T 7 9 16
< T 16 24 16
> T 7 0 16
< T 16 4 16
> F 0 32768
< F 11407385
> V 0 32768
< V 32640 5922536
> T 7 1 16
< T 16 5 16
> F 0 32768
< F 11407377
> V 0 32768
< V 32640 6215409
> T 7 2 16
< T 16 6 16
> F 0 32768
< F 11407373
> V 0 32768
< V 32640 6315791
> T 7 3 16
< T 16 8 16
> F 0 32768
< F 11407385
> V 0 32768
< V 32640 7597907
> T 7 4 16
< T 16 10 16
> F 0 32768
< F 11407390
> V 0 32768
< V 32640 8281961
> T 7 5 16
< T 16 12 16
> F 0 32768
< F 11407383
> V 0 32768
< V 32640 8882075
> T 7 6 16
< T 16 14 16
> F 0 32768
< F 11407390
> V 0 32768
< V 32640 9588658
> T 7 7 16
< T 16 16 16
> F 0 32768
< F 11407374
> V 0 32768
< V 32640 10244084
> T 7 8 16
< T 16 20 16
> F 0 32768
< F 11407379
> V 0 32768
< V 32640 12013633
> T 7 9 16
< T 16 24 16
> F 0 32768
< F 11407383
> V 0 32768
< V 32640 13324409
> Q 0
< Q 0
> U 0
< U 0
> B 2 5
< B ok
> T 7 9 16
< T 16 24 16
> T 7 0 16
< T 16 4 16
> F 0 32768
< F 3737246
> V 0 32768
< V 32640 1674814
> T 7 1 16
< T 16 5 16
> F 0 32768
< F 3737243
> V 0 32768
< V 32640 1740336
> T 7 2 16
< T 16 6 16
> F 0 32768
< F 3737242
> V 0 32768
< V 32643 1789506
> T 7 3 16
< T 16 8 16
> F 0 32768
< F 3737240
> V 0 32768
< V 32637 2750065
> T 7 4 16
< T 16 10 16
> F 0 32768
< F 3737241
> V 0 32768
< V 32640 2426656
> T 7 5 16
< T 16 12 16
> F 0 32768
< F 3737224
> V 0 32768
< V 32642 4093739
> T 7 6 16
< T 16 14 16
> F 0 32768
< F 3737238
> V 0 32768
< V 32640 3886781
> T 7 7 16
< T 16 16 16
> F 0 32768
< F 3737265
> V 0 32768
< V 32640 4613850
> T 7 8 16
< T 16 20 16
> F 0 32768
< F 3737236
> V 0 32768
< V 32636 5016809
> T 7 9 16
< T 16 24 16
> F 0 32768
< F 3737275
> V 0 32768
< V 32643 5195588
> Q 0
< Q 0
> U 16
< U 16
> B 2 5
< B ok
> T 7 9 16
< T 16 24 16
> T 7 0 16
< T 16 4 16
> F 0 32768
< F 3847882
> V 0 32768
< V 31783 1785436
> T 7 1 16
< T 16 5 16
> F 0 32768
< F 3847841
> V 0 32768
< V 32134 1850935
> T 7 2 16
< T 16 6 16
> F 0 32768
< F 3847851
> V 0 32768
< V 32233 1898063
> T 7 3 16
< T 16 8 16
> F 0 32768
< F 3847884
> V 0 32768
< V 26959 2860642
> T 7 4 16
< T 16 10 16
> F 0 32768
< F 3847848
> V 0 32768
< V 32640 2535351
> T 7 5 16
< T 16 12 16
> F 0 32768
< F 3847852
> V 0 32768
< V 23461 4206366
> T 7 6 16
< T 16 14 16
> F 0 32768
< F 3847880
> V 0 32768
< V 19696 3995353
> T 7 7 16
< T 16 16 16
> F 0 32768
< F 3847850
> V 0 32768
< V 21477 4724474
> T 7 8 16
< T 16 20 16
> F 0 32768
< F 3847883
> V 0 32768
< V 21863 5123326
> T 7 9 16
< T 16 24 16
> F 0 32768
< F 3847852
> V 0 32768
< V 23353 5304138
> Q 1
< Q 1
> U 0
< U 0
> B 2 5
< B ok
> T 7 9 16
< T 16 24 16
> T 7 0 16
< T 16 4 16
> F 0 32768
< F 11292664
> V 0 32768
< V 32640 5811937
> T 7 1 16
< T 16 5 16
> F 0 32768
< F 11292694
> V 0 32768
< V 32640 6104791
> T 7 2 16
< T 16 6 16
> F 0 32768
< F 11292658
> V 0 32768
< V 32640 6205176
> T 7 3 16
< T 16 8 16
> F 0 32768
< F 11292664
> V 0 32768
< V 32640 7487313
> T 7 4 16
< T 16 10 16
> F 0 32768
< F 11292696
> V 0 32768
< V 32640 8173405
> T 7 5 16
< T 16 12 16
> F 0 32768
< F 11292694
> V 0 32768
< V 32640 8771457
> T 7 6 16
< T 16 14 16
> F 0 32768
< F 11292697
> V 0 32768
< V 32640 9480107
> T 7 7 16
< T 16 16 16
> F 0 32768
< F 11292704
> V 0 32768
< V 32640 10135501
> T 7 8 16
< T 16 20 16
> F 0 32768
< F 11292693
> V 0 32768
< V 32640 11905052
> T 7 9 16
< T 16 24 16
> F 0 32768
< F 11292698
> V 0 32768
< V 32640 13215859
> Q 1
< Q 1
> U 16
< U 16
> B 2 5
< B ok
> T 7 9 16
< T 16 24 16
> T 7 0 16
< T 16 4 16
> F 0 32768
< F 11407378
> V 0 32768
< V 16471 5922569
> T 7 1 16
< T 16 5 16
> F 0 32768
< F 11407385
> V 0 32768
< V 1 6215386
> T 7 2 16
< T 16 6 16
> F 0 32768
< F 11407382
> V 0 32768
< V 1 6315805
> T 7 3 16
< T 16 8 16
> F 0 32768
< F 11407391
> V 0 32768
< V 0 7597934
> T 0 3 16
< T 4 8 16
> F 0 32768
< F 4097699
> V 0 32768
< V 0 7597942
> T 0 3 16
< T 4 8 16
> R 96
< R 96 17406
> R 32
< R 32 6591
> W 96
< W 96 9661
> W 32
< W 32 3533
> Q 1
< Q 1
> U 16
< U 16
> B 2 5
< B ok
> T 0 3 16
< T 4 8 16
> F 0 1048576
< F 131087721
> V 0 1048576
< V 0 243094827
> Q 0
< Q 0
> U 0
< U 0
> B 0 0
< B ok
> T 0 3 64
< T 4 8 64
> F 0 8192
< F 227651
> M 0 8192 4
< M -90112 507550
> M 0 8192 2
< M -16384 539332
> Q 0
< Q 0
> U 0
< U 0
> B 0 0
< B ok
> T 0 3 64
< T 4 8 64
> F 0 1048576
< F 28991370
> Q 0
< Q 0
> U 0
< U 0
> B 1 0
< B ok
> T 0 3 64
< T 4 8 64
> F 0 1048576
< F 28991395
> Q 1
< Q 1
> U 16
< U 16
> B 2 0
< B ok
> T 0 3 16
< T 4 8 16
> F 0 1048576
< F 131087675
> Q 1
< Q 1
> U 16
< U 16
> B 2 1
< B ok
> T 0 3 16
< T 4 8 16
> F 0 1048576
< F 131087662
> Q 1
< Q 1
> U 16
< U 16
> B 2 2
< B ok
> T 0 3 16
< T 4 8 16
> F 0 1048576
< F 131087659
> Q 1
< Q 1
> U 16
< U 16
> B 2 3
< B ok
> T 0 3 16
< T 4 8 16
> F 0 1048576
< F 131087689
> Q 1
< Q 1
> U 16
< U 16
> B 2 5
< B ok
> T 0 3 16
< T 4 8 16
> F 0 1048576
< F 131087717
> Q 0
< Q 0
> U 0
< U 0
> B 0 0
< B ok
> T 0 3 64
< T 4 8 64
> M 0 1048576 4
< M -11534336 64863598
> Q 0
< Q 0
> U 0
< U 0
> B 1 0
< B ok
> T 0 3 64
< T 4 8 64
> M 0 1048576 4
< M -11534336 64863583
> Q 1
< Q 1
> U 16
< U 16
> B 2 0
< B ok
> T 0 3 16
< T 4 8 16
> M 0 1048576 4
< M -11534336 242704752
> Q 1
< Q 1
> U 16
< U 16
> B 2 1
< B ok
> T 0 3 16
< T 4 8 16
> M 0 1048576 4
< M -11534336 242704739
> Q 1
< Q 1
> U 16
< U 16
> B 2 2
< B ok
> T 0 3 16
< T 4 8 16
> M 0 1048576 4
< M -11534336 242704773
> Q 1
< Q 1
> U 16
< U 16
> B 2 3
< B ok
> T 0 3 16
< T 4 8 16
> M 0 1048576 4
< M -11534336 242704757
> Q 1
< Q 1
> U 16
< U 16
> B 2 5
< B ok
> T 0 3 16
< T 4 8 16
> M 0 1048576 4
< M -11534336 242704759
> Q 0
< Q 0
> U 0
< U 0
> B 0 0
< B ok
> T 0 3 64
< T 4 8 64
> M 0 1048576 2
< M -2097152 68925380
> Q 0
< Q 0
> U 0
< U 0
> B 1 0
< B ok
> T 0 3 64
< T 4 8 64
> M 0 1048576 2
< M -2097152 68925390
> Q 1
< Q 1
> U 16
< U 16
> B 2 0
< B ok
> T 0 3 16
< T 4 8 16
> M 0 1048576 2
< M -2097152 246767069
> Q 1
< Q 1
> U 16
< U 16
> B 2 1
< B ok
> T 0 3 16
< T 4 8 16
> M 0 1048576 2
< M -2097152 246767030
> Q 1
< Q 1
> U 16
< U 16
> B 2 2
< B ok
> T 0 3 16
< T 4 8 16
> M 0 1048576 2
< M -2097152 246766992
> Q 1
< Q 1
> U 16
< U 16
> B 2 3
< B ok
> T 0 3 16
< T 4 8 16
> M 0 1048576 2
< M -2097152 246766992
> Q 1
< Q 1
> U 16
< U 16
> B 2 5
< B ok
> T 0 3 16
< T 4 8 16
> M 0 1048576 2
< M -2097152 246767045
> Q 0
< Q 0
> U 0
< U 0
> B 0 0
< B ok
> T 0 3 64
< T 4 8 64
> M 0 1048576 4
< M -11534336 64863598
> Q 0
< Q 0
> U 0
< U 0
> B 1 0
< B ok
> T 0 3 64
< T 4 8 64
> M 0 1048576 4
< M -11534336 64863556
> Q 1
< Q 1
> U 16
< U 16
> B 2 0
< B ok
> T 0 3 16
< T 4 8 16
> M 0 1048576 4
< M -11534336 242704780
> Q 1
< Q 1
> U 16
< U 16
> B 2 1
< B ok
> T 0 3 16
< T 4 8 16
> M 0 1048576 4
< M -11534336 242704740
> Q 1
< Q 1
> U 16
< U 16
> B 2 2
< B ok
> T 0 3 16
< T 4 8 16
> M 0 1048576 4
< M -11534336 242704758
> Q 1
< Q 1
> U 16
< U 16
> B 2 3
< B ok
> T 0 3 16
< T 4 8 16
> M 0 1048576 4
< M -11534336 242704744
> Q 1
< Q 1
> U 16
< U 16
> B 2 5
< B ok
> T 0 3 16
< T 4 8 16
> M 0 1048576 4
< M -11534336 242704750
> Q 0
< Q 0
> U 0
< U 0
> B 0 0
< B ok
> T 0 3 64
< T 4 8 64
> M 0 1048576 2
< M -2097152 68925394
> Q 0
< Q 0
> U 0
< U 0
> B 1 0
< B ok
> T 0 3 64
< T 4 8 64
> M 0 1048576 2
< M -2097152 68925376
> Q 1
< Q 1
> U 16
< U 16
> B 2 0
< B ok
> T 0 3 16
< T 4 8 16
> M 0 1048576 2
< M -2097152 246767034
> Q 1
< Q 1
> U 16
< U 16
> B 2 1
< B ok
> T 0 3 16
< T 4 8 16
> M 0 1048576 2
< M -2097152 246767041
> Q 1
< Q 1
> U 16
< U 16
> B 2 2
< B ok
> T 0 3 16
< T 4 8 16
> M 0 1048576 2
< M -2097152 246767033
> Q 1
< Q 1
> U 16
< U 16
> B 2 3
< B ok
> T 0 3 16
< T 4 8 16
> M 0 1048576 2
< M -2097152 246767026
> Q 1
< Q 1
> U 16
< U 16
> B 2 5
< B ok
> T 0 3 16
< T 4 8 16
> M 0 1048576 2
< M -2097152 246766994
> Q 0
< Q 0
> U 0
< U 0
> B 0 0
< B ok
> T 0 3 64
< T 4 8 64
> M 0 1048576 4
< M -11534336 64863598
> Q 0
< Q 0
> U 0
< U 0
> B 1 0
< B ok
> T 0 3 64
< T 4 8 64
> M 0 1048576 4
< M -11534336 64863603
> Q 1
< Q 1
> U 16
< U 16
> B 2 0
< B ok
> T 0 3 16
< T 4 8 16
> M 0 1048576 4
< M -11534336 242704736
> Q 1
< Q 1
> U 16
< U 16
> B 2 1
< B ok
> T 0 3 16
< T 4 8 16
> M 0 1048576 4
< M -11534336 242704755
> Q 1
< Q 1
> U 16
< U 16
> B 2 2
< B ok
> T 0 3 16
< T 4 8 16
> M 0 1048576 4
< M -11534336 242704724
> Q 1
< Q 1
> U 16
< U 16
> B 2 3
< B ok
> T 0 3 16
< T 4 8 16
> M 0 1048576 4
< M -11534336 242704775
> Q 1
< Q 1
> U 16
< U 16
> B 2 5
< B ok
> T 0 3 16
< T 4 8 16
> M 0 1048576 4
< M -11534336 242704738
> Q 0
< Q 0
> U 0
< U 0
> B 0 0
< B ok
> T 0 3 64
< T 4 8 64
> M 0 1048576 2
< M -2097152 68925358
> Q 0
< Q 0
> U 0
< U 0
> B 1 0
< B ok
> T 0 3 64
< T 4 8 64
> M 0 1048576 2
< M -2097152 68925398
> Q 1
< Q 1
> U 16
< U 16
> B 2 0
< B ok
> T 0 3 16
< T 4 8 16
> M 0 1048576 2
< M -2097152 246767021
> Q 1
< Q 1
> U 16
< U 16
> B 2 1
< B ok
> T 0 3 16
< T 4 8 16
> M 0 1048576 2
< M -2097152 246767017
> Q 1
< Q 1
> U 16
< U 16
> B 2 2
< B ok
> T 0 3 16
< T 4 8 16
> M 0 1048576 2
< M -2097152 246767045
> Q 1
< Q 1
> U 16
< U 16
> B 2 3
< B ok
> T 0 3 16
< T 4 8 16
> M 0 1048576 2
< M -2097152 246767043
> Q 1
< Q 1
> U 16
< U 16
> B 2 5
< B ok
> T 0 3 16
< T 4 8 16
> M 0 1048576 2
< M -2097152 246767028
> Q 0
< Q 0
> U 0
< U 0
> B 0 0
< B ok
> T 0 3 64
< T 4 8 64
> M 0 1048576 4
< M -11534336 64863585
> Q 0
< Q 0
> U 0
< U 0
> B 1 0
< B ok
> T 0 3 64
< T 4 8 64
> M 0 1048576 4
< M -11534336 64863596
> Q 1
< Q 1
> U 16
< U 16
> B 2 0
< B ok
> T 0 3 16
< T 4 8 16
> M 0 1048576 4
< M -11534336 242704744
> Q 1
< Q 1
> U 16
< U 16
> B 2 1
< B ok
> T 0 3 16
< T 4 8 16
> M 0 1048576 4
< M -11534336 242704750
> Q 1
< Q 1
> U 16
< U 16
> B 2 2
< B ok
> T 0 3 16
< T 4 8 16
> M 0 1048576 4
< M -11534336 242704738
> Q 1
< Q 1
> U 16
< U 16
> B 2 3
< B ok
> T 0 3 16
< T 4 8 16
> M 0 1048576 4
< M -11534336 242704736
> Q 1
< Q 1
> U 16
< U 16
> B 2 5
< B ok
> T 0 3 16
< T 4 8 16
> M 0 1048576 4
< M -11534336 242704747
> Q 0
< Q 0
> U 0
< U 0
> B 0 0
< B ok
> T 0 3 64
< T 4 8 64
> M 0 1048576 2
< M -2097152 68925392
> Q 0
< Q 0
> U 0
< U 0
> B 1 0
< B ok
> T 0 3 64
< T 4 8 64
> M 0 1048576 2
< M -2097152 68925340
> Q 1
< Q 1
> U 16
< U 16
> B 2 0
< B ok
> T 0 3 16
< T 4 8 16
> M 0 1048576 2
< M -2097152 246767000
> Q 1
< Q 1
> U 16
< U 16
> B 2 1
< B ok
> T 0 3 16
< T 4 8 16
> M 0 1048576 2
< M -2097152 246767000
> Q 1
< Q 1
> U 16
< U 16
> B 2 2
< B ok
> T 0 3 16
< T 4 8 16
> M 0 1048576 2
< M -2097152 246767005
> Q 1
< Q 1
> U 16
< U 16
> B 2 3
< B ok
> T 0 3 16
< T 4 8 16
> M 0 1048576 2
< M -2097152 246767045
> Q 1
< Q 1
> U 16
< U 16
> B 2 5
< B ok
> T 0 3 16
< T 4 8 16
> M 0 1048576 2
< M -2097152 246767034
> Q 0
< Q 0
> U 0
< U 0
> B 0 0
< B ok
> T 0 3 64
< T 4 8 64
> M 0 1048576 4
< M -11534336 64863613
> Q 0
< Q 0
> U 0
< U 0
> B 1 0
< B ok
> T 0 3 64
< T 4 8 64
> M 0 1048576 4
< M -11534336 64863595
> Q 1
< Q 1
> U 16
< U 16
> B 2 0
< B ok
> T 0 3 16
< T 4 8 16
> M 0 1048576 4
< M -11534336 242704758
> Q 1
< Q 1
> U 16
< U 16
> B 2 1
< B ok
> T 0 3 16
< T 4 8 16
> M 0 1048576 4
< M -11534336 242704774
> Q 1
< Q 1
> U 16
< U 16
> B 2 2
< B ok
> T 0 3 16
< T 4 8 16
> M 0 1048576 4
< M -11534336 242704767
> Q 1
< Q 1
> U 16
< U 16
> B 2 3
< B ok
> T 0 3 16
< T 4 8 16
> M 0 1048576 4
< M -11534336 242704770
> Q 1
< Q 1
> U 16
< U 16
> B 2 5
< B ok
> T 0 3 16
< T 4 8 16
> M 0 1048576 4
< M -11534336 242704773
> Q 0
< Q 0
> U 0
< U 0
> B 0 0
< B ok
> T 0 3 64
< T 4 8 64
> M 0 1048576 2
< M -2097152 68925384
> Q 0
< Q 0
> U 0
< U 0
> B 1 0
< B ok
> T 0 3 64
< T 4 8 64
> M 0 1048576 2
< M -2097152 68925371
> Q 1
< Q 1
> U 16
< U 16
> B 2 0
< B ok
> T 0 3 16
< T 4 8 16
> M 0 1048576 2
< M -2097152 246767049
> Q 1
< Q 1
> U 16
< U 16
> B 2 1
< B ok
> T 0 3 16
< T 4 8 16
> M 0 1048576 2
< M -2097152 246767057
> Q 1
< Q 1
> U 16
< U 16
> B 2 2
< B ok
> T 0 3 16
< T 4 8 16
> M 0 1048576 2
< M -2097152 246767009
> Q 1
< Q 1
> U 16
< U 16
> B 2 3
< B ok
> T 0 3 16
< T 4 8 16
> M 0 1048576 2
< M -2097152 246767054
> Q 1
< Q 1
> U 16
< U 16
> B 2 5
< B ok
> T 0 3 16
< T 4 8 16
> M 0 1048576 2
< M -2097152 246767024
> Q 0
< Q 0
> U 0
< U 0
> B 0 0
< B ok
> T 0 3 64
< T 4 8 64
> M 0 1048576 4
< M -11534336 64863596
> Q 0
< Q 0
> U 0
< U 0
> B 1 0
< B ok
> T 0 3 64
< T 4 8 64
> M 0 1048576 4
< M -11534336 64863601
> Q 1
< Q 1
> U 16
< U 16
> B 2 0
< B ok
> T 0 3 16
< T 4 8 16
> M 0 1048576 4
< M -11534336 242704723
> Q 1
< Q 1
> U 16
< U 16
> B 2 1
< B ok
> T 0 3 16
< T 4 8 16
> M 0 1048576 4
< M -11534336 242704746
> Q 1
< Q 1
> U 16
< U 16
> B 2 2
< B ok
> T 0 3 16
< T 4 8 16
> M 0 1048576 4
< M -11534336 242704806
> Q 1
< Q 1
> U 16
< U 16
> B 2 3
< B ok
> T 0 3 16
< T 4 8 16
> M 0 1048576 4
< M -11534336 242704737
> Q 1
< Q 1
> U 16
< U 16
> B 2 5
< B ok
> T 0 3 16
< T 4 8 16
> M 0 1048576 4
< M -11534336 242704724
> Q 0
< Q 0
> U 0
< U 0
> B 0 0
< B ok
> T 0 3 64
< T 4 8 64
> M 0 1048576 2
< M -2097152 68925360
> Q 0
< Q 0
> U 0
< U 0
> B 1 0
< B ok
> T 0 3 64
< T 4 8 64
> M 0 1048576 2
< M -2097152 68925398
> Q 1
< Q 1
> U 16
< U 16
> B 2 0
< B ok
> T 0 3 16
< T 4 8 16
> M 0 1048576 2
< M -2097152 246767054
> Q 1
< Q 1
> U 16
< U 16
> B 2 1
< B ok
> T 0 3 16
< T 4 8 16
> M 0 1048576 2
< M -2097152 246767039
> Q 1
< Q 1
> U 16
< U 16
> B 2 2
< B ok
> T 0 3 16
< T 4 8 16
> M 0 1048576 2
< M -2097152 246767025
> Q 1
< Q 1
> U 16
< U 16
> B 2 3
< B ok
> T 0 3 16
< T 4 8 16
> M 0 1048576 2
< M -2097152 246766993
> Q 1
< Q 1
> U 16
< U 16
> B 2 5
< B ok
> T 0 3 16
< T 4 8 16
> M 0 1048576 2
< M -2097152 246767040
> Q 0
< Q 0
> U 0
< U 0
> B 0 0
< B ok
> T 0 3 64
< T 4 8 64
> M 0 1048576 4
< M -11534336 64863583
> Q 0
< Q 0
> U 0
< U 0
> B 1 0
< B ok
> T 0 3 64
< T 4 8 64
> M 0 1048576 4
< M -11534336 64863619
> Q 1
< Q 1
> U 16
< U 16
> B 2 0
< B ok
> T 0 3 16
< T 4 8 16
> M 0 1048576 4
< M -11534336 242704759
> Q 1
< Q 1
> U 16
< U 16
> B 2 1
< B ok
> T 0 3 16
< T 4 8 16
> M 0 1048576 4
< M -11534336 242704794
> Q 1
< Q 1
> U 16
< U 16
> B 2 2
< B ok
> T 0 3 16
< T 4 8 16
> M 0 1048576 4
< M -11534336 242704727
> Q 1
< Q 1
> U 16
< U 16
> B 2 3
< B ok
> T 0 3 16
< T 4 8 16
> M 0 1048576 4
< M -11534336 242704741
> Q 1
< Q 1
> U 16
< U 16
> B 2 5
< B ok
> T 0 3 16
< T 4 8 16
> M 0 1048576 4
< M -11534336 242704792
> Q 0
< Q 0
> U 0
< U 0
> B 0 0
< B ok
> T 0 3 64
< T 4 8 64
> M 0 1048576 2
< M -2097152 68925345
> Q 0
< Q 0
> U 0
< U 0
> B 1 0
< B ok
> T 0 3 64
< T 4 8 64
> M 0 1048576 2
< M -2097152 68925380
> Q 1
< Q 1
> U 16
< U 16
> B 2 0
< B ok
> T 0 3 16
< T 4 8 16
> M 0 1048576 2
< M -2097152 246767006
> Q 1
< Q 1
> U 16
< U 16
> B 2 1
< B ok
> T 0 3 16
< T 4 8 16
> M 0 1048576 2
< M -2097152 246767005
> Q 1
< Q 1
> U 16
< U 16
> B 2 2
< B ok
> T 0 3 16
< T 4 8 16
> M 0 1048576 2
< M -2097152 246767051
> Q 1
< Q 1
> U 16
< U 16
> B 2 3
< B ok
> T 0 3 16
< T 4 8 16
> M 0 1048576 2
< M -2097152 246767050
> Q 1
< Q 1
> U 16
< U 16
> B 2 5
< B ok
> T 0 3 16
< T 4 8 16
> M 0 1048576 2
< M -2097152 246767015
> Q 0
< Q 0
> U 0
< U 0
> B 0 0
< B ok
> T 0 3 64
< T 4 8 64
> M 0 1048576 4
< M -11534336 64863621
> Q 0
< Q 0
> U 0
< U 0
> B 1 0
< B ok
> T 0 3 64
< T 4 8 64
> M 0 1048576 4
< M -11534336 64863583
> Q 1
< Q 1
> U 16
< U 16
> B 2 0
< B ok
> T 0 3 16
< T 4 8 16
> M 0 1048576 4
< M -11534336 242704740
> Q 1
< Q 1
> U 16
< U 16
> B 2 1
< B ok
> T 0 3 16
< T 4 8 16
> M 0 1048576 4
< M -11534336 242704770
> Q 1
< Q 1
> U 16
< U 16
> B 2 2
< B ok
> T 0 3 16
< T 4 8 16
> M 0 1048576 4
< M -11534336 242704751
> Q 1
< Q 1
> U 16
< U 16
> B 2 3
< B ok
> T 0 3 16
< T 4 8 16
> M 0 1048576 4
< M -11534336 242704732
> Q 1
< Q 1
> U 16
< U 16
> B 2 5
< B ok
> T 0 3 16
< T 4 8 16
> M 0 1048576 4
< M -11534336 242704767
> Q 0
< Q 0
> U 0
< U 0
> B 0 0
< B ok
> T 0 3 64
< T 4 8 64
> M 0 1048576 2
< M -2097152 68925382
> Q 0
< Q 0
> U 0
< U 0
> B 1 0
< B ok
> T 0 3 64
< T 4 8 64
> M 0 1048576 2
< M -2097152 68925392
> Q 1
< Q 1
> U 16
< U 16
> B 2 0
< B ok
> T 0 3 16
< T 4 8 16
> M 0 1048576 2
< M -2097152 246767025
> Q 1
< Q 1
> U 16
< U 16
> B 2 1
< B ok
> T 0 3 16
< T 4 8 16
> M 0 1048576 2
< M -2097152 246766989
> Q 1
< Q 1
> U 16
< U 16
> B 2 2
< B ok
> T 0 3 16
< T 4 8 16
> M 0 1048576 2
< M -2097152 246767071
> Q 1
< Q 1
> U 16
< U 16
> B 2 3
< B ok
> T 0 3 16
< T 4 8 16
> M 0 1048576 2
< M -2097152 246767067
> Q 1
< Q 1
> U 16
< U 16
> B 2 5
< B ok
> T 0 3 16
< T 4 8 16
> M 0 1048576 2
< M -2097152 246767005
> Q 0
< Q 0
> U 0
< U 0
> B 0 0
< B ok
> T 0 3 64
< T 4 8 64
> M 0 1048576 4
< M -11534336 64863595
> Q 0
< Q 0
> U 0
< U 0
> B 1 0
< B ok
> T 0 3 64
< T 4 8 64
> M 0 1048576 4
< M -11534336 64863591
> Q 1
< Q 1
> U 16
< U 16
> B 2 0
< B ok
> T 0 3 16
< T 4 8 16
> M 0 1048576 4
< M -11534336 242704778
> Q 1
< Q 1
> U 16
< U 16
> B 2 1
< B ok
> T 0 3 16
< T 4 8 16
> M 0 1048576 4
< M -11534336 242704718
> Q 1
< Q 1
> U 16
< U 16
> B 2 2
< B ok
> T 0 3 16
< T 4 8 16
> M 0 1048576 4
< M -11534336 242704797
> Q 1
< Q 1
> U 16
< U 16
> B 2 3
< B ok
> T 0 3 16
< T 4 8 16
> M 0 1048576 4
< M -11534336 242704768
> Q 1
< Q 1
> U 16
< U 16
> B 2 5
< B ok
> T 0 3 16
< T 4 8 16
> M 0 1048576 4
< M -11534336 242704752
> Q 0
< Q 0
> U 0
< U 0
> B 0 0
< B ok
> T 0 3 64
< T 4 8 64
> M 0 1048576 2
< M -2097152 68925385
> Q 0
< Q 0
> U 0
< U 0
> B 1 0
< B ok
> T 0 3 64
< T 4 8 64
> M 0 1048576 2
< M -2097152 68925380
> Q 1
< Q 1
> U 16
< U 16
> B 2 0
< B ok
> T 0 3 16
< T 4 8 16
> M 0 1048576 2
< M -2097152 246766999
> Q 1
< Q 1
> U 16
< U 16
> B 2 1
< B ok
> T 0 3 16
< T 4 8 16
> M 0 1048576 2
< M -2097152 246767017
> Q 1
< Q 1
> U 16
< U 16
> B 2 2
< B ok
> T 0 3 16
< T 4 8 16
> M 0 1048576 2
< M -2097152 246767032
> Q 1
< Q 1
> U 16
< U 16
> B 2 3
< B ok
> T 0 3 16
< T 4 8 16
> M 0 1048576 2
< M -2097152 246767028
> Q 1
< Q 1
> U 16
< U 16
> B 2 5
< B ok
> T 0 3 16
< T 4 8 16
> M 0 1048576 2
< M -2097152 246767019
> Q 0
< Q 0
> U 0
< U 0
> B 0 0
< B ok
> T 0 3 64
< T 4 8 64
> M 0 1048576 4
< M -11534336 64863622
> Q 0
< Q 0
> U 0
< U 0
> B 1 0
< B ok
> T 0 3 64
< T 4 8 64
> M 0 1048576 4
< M -11534336 64863588
> Q 1
< Q 1
> U 16
< U 16
> B 2 0
< B ok
> T 0 3 16
< T 4 8 16
> M 0 1048576 4
< M -11534336 242704740
> Q 1
< Q 1
> U 16
< U 16
> B 2 1
< B ok
> T 0 3 16
< T 4 8 16
> M 0 1048576 4
< M -11534336 242704750
> Q 1
< Q 1
> U 16
< U 16
> B 2 2
< B ok
> T 0 3 16
< T 4 8 16
> M 0 1048576 4
< M -11534336 242704757
> Q 1
< Q 1
> U 16
< U 16
> B 2 3
< B ok
> T 0 3 16
< T 4 8 16
> M 0 1048576 4
< M -11534336 242704740
> Q 1
< Q 1
> U 16
< U 16
> B 2 5
< B ok
> T 0 3 16
< T 4 8 16
> M 0 1048576 4
< M -11534336 242704729
> Q 0
< Q 0
> U 0
< U 0
> B 0 0
< B ok
> T 0 3 64
< T 4 8 64
> M 0 1048576 2
< M -2097152 68925382
> Q 0
< Q 0
> U 0
< U 0
> B 1 0
< B ok
> T 0 3 64
< T 4 8 64
> M 0 1048576 2
< M -2097152 68925396
> Q 1
< Q 1
> U 16
< U 16
> B 2 0
< B ok
> T 0 3 16
< T 4 8 16
> M 0 1048576 2
< M -2097152 246767026
> Q 1
< Q 1
> U 16
< U 16
> B 2 1
< B ok
> T 0 3 16
< T 4 8 16
> M 0 1048576 2
< M -2097152 246767015
> Q 1
< Q 1
> U 16
< U 16
> B 2 2
< B ok
> T 0 3 16
< T 4 8 16
> M 0 1048576 2
< M -2097152 246767039
> Q 1
< Q 1
> U 16
< U 16
> B 2 3
< B ok
> T 0 3 16
< T 4 8 16
> M 0 1048576 2
< M -2097152 246767011
> Q 1
< Q 1
> U 16
< U 16
> B 2 5
< B ok
> T 0 3 16
< T 4 8 16
> M 0 1048576 2
< M -2097152 246767034
