
========================================================================
  psram_llm v5 -- a 3B-parameter language model on a Teensy 4.1
  weights: streamed from the microSD, every token
  memory:  the PSRAM banks -- tokenizer, norms, attention cache
  cpu 600 MHz, 42.5 C
========================================================================

  PSRAM discovery: asking all ten selects for an identity
    CS0  PRESENT  id 0D 5D
    CS1  PRESENT  id 0D 5D
    Y0   PRESENT  id 0D 5D
    Y1   PRESENT  id 0D 5D
    Y2   PRESENT  id 0D 5D
    Y3   PRESENT  id 0D 5D
    Y4   PRESENT  id 0D 5D
    Y5   PRESENT  id 0D 5D
    Y6   absent   id 00 00
    Y7   absent   id 00 00
  8 chips answered

  qualifying each: quad first, then single-bit, confirmed over 1024 kB four times
      CS0  quad        edge write  0 read 12, running at write  3 read 16 burst 96 setup  0 ->  9.25 MB/s
      CS1  quad        edge write  0 read 16, running at write  3 read 24 burst 96 setup  0 ->  7.31 MB/s
      Y0   no quad setting survives 1024 kB
        112 wrong over 1024 kB at write 6 read 18 burst 40
        248 wrong over 1024 kB at write 6 read 20 burst 40
        1 wrong over 1024 kB at write 6 read 24 burst 32
      Y0   single 0x03 edge write  3 read 13, running at write  7 read 24 burst 32 setup 16 ->  1.70 MB/s
        89 wrong over 1024 kB at write 6 read 11 burst 56
        256 wrong over 1024 kB at write 6 read 12 burst 56
        144 wrong over 1024 kB at write 6 read 13 burst 48
        96 wrong over 1024 kB at write 6 read 14 burst 48
        128 wrong over 1024 kB at write 6 read 16 burst 48
        177 wrong over 1024 kB at write 6 read 18 burst 40
        176 wrong over 1024 kB at write 6 read 20 burst 40
        2 wrong over 1024 kB at write 6 read 24 burst 32
      Y0   no single 0x0B setting survives 1024 kB
      Y1   no quad setting survives 1024 kB
      Y1   single 0x03 edge write  4 read 11, running at write  7 read 14 burst 48 setup 16 ->  2.52 MB/s
      Y1   single 0x0B edge write  5 read  6, running at write  8 read  9 burst 64 setup 16 ->  3.11 MB/s
      Y2   no quad setting survives 1024 kB
      Y2   single 0x03 edge write  0 read 11, running at write  3 read 14 burst 48 setup 16 ->  2.52 MB/s
      Y2   single 0x0B edge write  0 read  8, running at write  3 read 11 burst 56 setup 16 ->  2.83 MB/s
      Y3   no quad setting survives 1024 kB
        1 wrong over 1024 kB at write 3 read 10 burst 64
      Y3   single 0x03 edge write  0 read  7, running at write  3 read 11 burst 56 setup 16 ->  2.87 MB/s
      Y3   single 0x0B edge write  0 read  7, running at write  3 read 10 burst 56 setup 16 ->  2.95 MB/s
      Y4   no quad setting survives 1024 kB
      Y4   single 0x03 edge write 16 read  7, running at write 24 read 10 burst 24 setup 16 ->  2.76 MB/s
      Y4   single 0x0B edge write  4 read  7, running at write  7 read 10 burst 56 setup 16 ->  2.95 MB/s
      Y5   no quad setting survives 1024 kB
      Y5   single 0x03 edge write  0 read 11, running at write  3 read 14 burst 48 setup 16 ->  2.52 MB/s
      Y5   single 0x0B edge write  0 read  6, running at write  3 read  9 burst 64 setup 16 ->  3.11 MB/s

  proving every byte: fill all 8 banks (64 MB) with bank-tagged data, then read all back
    CS0  filled 8 MB in 0.3 s
    CS1  filled 8 MB in 0.3 s
    Y1   filled 8 MB in 1.9 s
    Y5   filled 8 MB in 1.3 s
    Y4   filled 8 MB in 1.8 s
    Y3   filled 8 MB in 1.3 s
    Y2   filled 8 MB in 1.3 s
    Y0   filled 8 MB in 1.9 s
    CS0  quad        read back 8 MB in 0.9 s (9.25 MB/s): 0 wrong
    CS1  quad        read back 8 MB in 1.1 s (7.31 MB/s): 0 wrong
    Y1   single 0x0B read back 8 MB in 2.7 s (3.11 MB/s): 0 wrong
    Y5   single 0x0B read back 8 MB in 2.7 s (3.11 MB/s): 0 wrong
    Y4   single 0x0B read back 8 MB in 2.8 s (2.95 MB/s): 0 wrong
    Y3   single 0x0B read back 8 MB in 2.8 s (2.95 MB/s): 0 wrong
    Y2   single 0x0B read back 8 MB in 3.0 s (2.83 MB/s): 0 wrong
    Y0   single 0x03 read back 8 MB in 4.9 s (1.70 MB/s): 0 wrong
  PSRAM in use: 8 banks, 67108864 bytes

  SD card
    SD begin attempt 1 (FIFO_SDIO) failed: SdFat error 0x17 data 0x00000001
    SD begin attempt 2 (DMA_SDIO) failed: SdFat error 0x17 data 0x00000001
    SD begin attempt 3 (FIFO_SDIO) failed: SdFat error 0x17 data 0x00000001
    SD begin attempt 4 (DMA_SDIO) failed: SdFat error 0x17 data 0x00000001
    SD begin attempt 5 (FIFO_SDIO) failed: SdFat error 0x17 data 0x00000001
    SD begin attempt 6 (DMA_SDIO) failed: SdFat error 0x17 data 0x00000001
    SD begin attempt 7 (FIFO_SDIO) failed: SdFat error 0x17 data 0x00000001
    SD begin attempt 8 (DMA_SDIO) failed: SdFat error 0x17 data 0x00000001

  HALTED: the SD card would not initialise; power-cycle the Teensy (unplug USB for 2 s)
