> I
< I bench-one worker 1 nsel 10 banksz 8388608 blk 8192 bits 4,2 fcpu 600000000
> P 0 0
< P 1 13 93 83 50
> P 1 0
< P 1 13 93 83 50
> P 2 0
< P 1 13 93 83 49
> P 2 1
< P 1 13 93 83 49
> P 2 2
< P 1 13 93 83 49
> P 2 3
< P 1 13 93 83 49
> P 2 4
< P 1 13 93 83 49
> P 2 5
< P 1 13 93 83 49
> P 2 6
< P 0 0 0 0 0
> P 2 7
< P 0 0 0 0 0
> B 0 0
< B ok
> T 7 0 32
< T 16 4 32
> F 0 32768
< F 1807810
> V 0 32768
< V 27211 1378742
> X 0 16
< X 3B DC F7 12 AF CC E9 8E 23 EC 5D FE 9F 36 DD 6E
> T 7 1 32
< T 16 5 32
> F 0 32768
< F 1807809
> V 0 32768
< V 28556 1425819
> T 7 2 32
< T 16 6 32
> F 0 32768
< F 1807810
> V 0 32768
< V 25311 1471929
> T 7 3 32
< T 16 8 32
> F 0 32768
< F 1807810
> V 0 32768
< V 25839 1598921
> T 7 4 32
< T 16 10 32
> F 0 32768
< F 1807808
> V 0 32768
< V 17297 1757633
> T 7 5 32
< T 16 12 32
> F 0 32768
< F 1807809
> V 0 32768
< V 0 1917366
> T 0 5 32
< T 4 12 32
> F 0 32768
< F 923041
> V 0 32768
< V 0 1917373
> T 0 5 32
< T 4 12 32
> R 96
< R 96 4808
> R 32
< R 32 1752
> W 96
< W 96 2347
> W 32
< W 32 875
> T 0 5 80
< T 4 12 80
> F 0 32768
< F 861813
> V 0 32768
< V 0 1751519
> B 1 0
< B ok
> T 7 0 32
< T 16 4 32
> F 0 32768
< F 1807810
> V 0 32768
< V 2251 1378743
> X 0 16
< X 3B D8 75 12 AF 4C E9 86 23 C0 5D FA 97 34 D1 6E
> T 7 1 32
< T 16 5 32
> F 0 32768
< F 1807812
> V 0 32768
< V 12859 1425847
> T 7 2 32
< T 16 6 32
> F 0 32768
< F 1807812
> V 0 32768
< V 19113 1471901
> T 7 3 32
< T 16 8 32
> F 0 32768
< F 1807810
> V 0 32768
< V 15968 1598951
> T 7 4 32
< T 16 10 32
> F 0 32768
< F 1807810
> V 0 32768
< V 5913 1757629
> T 7 5 32
< T 16 12 32
> F 0 32768
< F 1807809
> V 0 32768
< V 4096 1917373
> T 7 6 32
< T 16 14 32
> F 0 32768
< F 1807810
> V 0 32768
< V 0 2077083
> T 0 6 32
< T 4 14 32
> F 0 32768
< F 923041
> V 0 32768
< V 0 2077112
> T 0 6 32
< T 4 14 32
> R 96
< R 96 5220
> R 32
< R 32 1908
> W 96
< W 96 2347
> W 32
< W 32 875
> T 0 6 64
< T 4 14 64
> F 0 32768
< F 871812
> V 0 32768
< V 0 1923997
> B 2 0
< B ok
> T 7 0 32
< T 16 4 32
> F 0 32768
< F 1807810
> V 0 32768
< V 32640 1378747
> X 0 16
< X 01 10 90 90 90 90 90 90 90 90 90 90 90 90 90 90
> T 7 1 32
< T 16 5 32
> F 0 32768
< F 1807809
> V 0 32768
< V 32638 1425844
> T 7 2 32
< T 16 6 32
> F 0 32768
< F 1807810
> V 0 32768
< V 32640 1471929
> T 7 3 32
< T 16 8 32
> F 0 32768
< F 1807810
> V 0 32768
< V 32640 1598949
> T 7 4 32
< T 16 10 32
> F 0 32768
< F 1807811
> V 0 32768
< V 32640 1757632
> T 7 5 32
< T 16 12 32
> F 0 32768
< F 1807810
> V 0 32768
< V 32638 1917400
> T 7 6 32
< T 16 14 32
> F 0 32768
< F 1807810
> V 0 32768
< V 32640 2077085
> T 7 7 32
< T 16 16 32
> F 0 32768
< F 1807810
> V 0 32768
< V 32640 2237914
> T 7 8 32
< T 16 20 32
> F 0 32768
< F 1807808
> V 0 32768
< V 32640 2557435
> T 7 9 32
< T 16 24 32
> F 0 32768
< F 1807810
> V 0 32768
< V 32518 2876919
> B 2 1
< B ok
> T 7 0 32
< T 16 4 32
> F 0 32768
< F 1807811
> V 0 32768
< V 32640 1378715
> X 0 16
< X 01 10 90 90 90 90 90 90 90 90 90 90 90 90 90 90
> T 7 1 32
< T 16 5 32
> F 0 32768
< F 1807810
> V 0 32768
< V 32639 1425817
> T 7 2 32
< T 16 6 32
> F 0 32768
< F 1807812
> V 0 32768
< V 32640 1471933
> T 7 3 32
< T 16 8 32
> F 0 32768
< F 1807811
> V 0 32768
< V 32640 1598920
> T 7 4 32
< T 16 10 32
> F 0 32768
< F 1807810
> V 0 32768
< V 32641 1757631
> T 7 5 32
< T 16 12 32
> F 0 32768
< F 1807810
> V 0 32768
< V 32636 1917375
> T 7 6 32
< T 16 14 32
> F 0 32768
< F 1807811
> V 0 32768
< V 32640 2077117
> T 7 7 32
< T 16 16 32
> F 0 32768
< F 1807810
> V 0 32768
< V 32640 2237913
> T 7 8 32
< T 16 20 32
> F 0 32768
< F 1807810
> V 0 32768
< V 32640 2557404
> T 7 9 32
< T 16 24 32
> F 0 32768
< F 1807810
> V 0 32768
< V 32517 2876920
> B 2 2
< B ok
> T 7 0 32
< T 16 4 32
> F 0 32768
< F 1807809
> V 0 32768
< V 32640 1378715
> X 0 16
< X 01 10 90 90 90 90 90 90 90 90 90 90 90 90 90 90
> T 7 1 32
< T 16 5 32
> F 0 32768
< F 1807810
> V 0 32768
< V 32638 1425848
> T 7 2 32
< T 16 6 32
> F 0 32768
< F 1807810
> V 0 32768
< V 32640 1471902
> T 7 3 32
< T 16 8 32
> F 0 32768
< F 1807811
> V 0 32768
< V 32640 1598919
> T 7 4 32
< T 16 10 32
> F 0 32768
< F 1807840
> V 0 32768
< V 32640 1757630
> T 7 5 32
< T 16 12 32
> F 0 32768
< F 1807810
> V 0 32768
< V 32634 1917372
> T 7 6 32
< T 16 14 32
> F 0 32768
< F 1807810
> V 0 32768
< V 32640 2077113
> T 7 7 32
< T 16 16 32
> F 0 32768
< F 1807811
> V 0 32768
< V 32640 2237914
> T 7 8 32
< T 16 20 32
> F 0 32768
< F 1807810
> V 0 32768
< V 32640 2557400
> T 7 9 32
< T 16 24 32
> F 0 32768
< F 1807810
> V 0 32768
< V 32533 2876920
> B 2 3
< B ok
> T 7 0 32
< T 16 4 32
> F 0 32768
< F 1807810
> V 0 32768
< V 32640 1378743
> X 0 16
< X 01 10 90 90 90 90 90 90 90 90 90 90 90 90 90 90
> T 7 1 32
< T 16 5 32
> F 0 32768
< F 1807810
> V 0 32768
< V 32621 1425821
> T 7 2 32
< T 16 6 32
> F 0 32768
< F 1807810
> V 0 32768
< V 32640 1471929
> T 7 3 32
< T 16 8 32
> F 0 32768
< F 1807810
> V 0 32768
< V 32640 1598952
> T 7 4 32
< T 16 10 32
> F 0 32768
< F 1807808
> V 0 32768
< V 32640 1757632
> T 7 5 32
< T 16 12 32
> F 0 32768
< F 1807809
> V 0 32768
< V 32640 1917371
> T 7 6 32
< T 16 14 32
> F 0 32768
< F 1807809
> V 0 32768
< V 32640 2077085
> T 7 7 32
< T 16 16 32
> F 0 32768
< F 1807812
> V 0 32768
< V 32640 2237914
> T 7 8 32
< T 16 20 32
> F 0 32768
< F 1807810
> V 0 32768
< V 32640 2557407
> T 7 9 32
< T 16 24 32
> F 0 32768
< F 1807809
> V 0 32768
< V 32516 2876919
> B 2 4
< B ok
> T 7 0 32
< T 16 4 32
> F 0 32768
< F 1807810
> V 0 32768
< V 32640 1378710
> X 0 16
< X 01 10 90 90 90 90 90 90 90 90 90 90 90 90 90 90
> T 7 1 32
< T 16 5 32
> F 0 32768
< F 1807810
> V 0 32768
< V 32640 1425817
> T 7 2 32
< T 16 6 32
> F 0 32768
< F 1807808
> V 0 32768
< V 32640 1471932
> T 7 3 32
< T 16 8 32
> F 0 32768
< F 1807809
> V 0 32768
< V 32641 1598948
> T 7 4 32
< T 16 10 32
> F 0 32768
< F 1807809
> V 0 32768
< V 32640 1757634
> T 7 5 32
< T 16 12 32
> F 0 32768
< F 1807810
> V 0 32768
< V 32640 1917401
> T 7 6 32
< T 16 14 32
> F 0 32768
< F 1807810
> V 0 32768
< V 32639 2077083
> T 7 7 32
< T 16 16 32
> F 0 32768
< F 1807808
> V 0 32768
< V 32640 2237914
> T 7 8 32
< T 16 20 32
> F 0 32768
< F 1807809
> V 0 32768
< V 32640 2557432
> T 7 9 32
< T 16 24 32
> F 0 32768
< F 1807810
> V 0 32768
< V 32516 2876921
> B 2 5
< B ok
> T 7 0 32
< T 16 4 32
> F 0 32768
< F 1807810
> V 0 32768
< V 32640 1378712
> X 0 16
< X 01 10 90 90 90 90 90 90 90 90 90 90 90 90 90 90
> T 7 1 32
< T 16 5 32
> F 0 32768
< F 1807811
> V 0 32768
< V 32640 1425813
> T 7 2 32
< T 16 6 32
> F 0 32768
< F 1807810
> V 0 32768
< V 32640 1471927
> T 7 3 32
< T 16 8 32
> F 0 32768
< F 1807809
> V 0 32768
< V 32640 1598953
> T 7 4 32
< T 16 10 32
> F 0 32768
< F 1807810
> V 0 32768
< V 32640 1757632
> T 7 5 32
< T 16 12 32
> F 0 32768
< F 1807810
> V 0 32768
< V 32640 1917403
> T 7 6 32
< T 16 14 32
> F 0 32768
< F 1807810
> V 0 32768
< V 32640 2077085
> T 7 7 32
< T 16 16 32
> F 0 32768
< F 1807810
> V 0 32768
< V 32640 2237886
> T 7 8 32
< T 16 20 32
> F 0 32768
< F 1807810
> V 0 32768
< V 32640 2557435
> T 7 9 32
< T 16 24 32
> F 0 32768
< F 1807811
> V 0 32768
< V 32513 2876915
> B 0 0
< B ok
> T 0 5 80
< T 4 12 80
> F 0 8192
< F 216345
> M 0 8192 4
< M -90112 435355
> M 0 8192 2
< M -16384 471203
> B 0 0
< B ok
> T 0 5 80
< T 4 12 80
> F 0 65536
< F 1722480
> B 1 0
< B ok
> T 0 6 64
< T 4 14 64
> F 0 65536
< F 1742480
> B 0 0
< B ok
> T 0 5 80
< T 4 12 80
> M 0 65536 4
< M -720896 3477082
> B 1 0
< B ok
> T 0 6 64
< T 4 14 64
> M 0 65536 4
< M -720896 3822019
> B 0 0
< B ok
> T 0 5 80
< T 4 12 80
> M 0 65536 2
< M -131072 3763828
> B 1 0
< B ok
> T 0 6 64
< T 4 14 64
> M 0 65536 2
< M -131072 4108773
