
[suite 2026-09-27 03:37:00] suite start: 4 tests x 3 runs, bench x 3, tests file D:\espicpc\firmware\bench-one\tests\psram_llm\tests_night1.txt

[suite 2026-09-27 03:37:00] port COM38 open

[suite 2026-09-27 03:37:00] >>> I
03:37:01 |       CS0  quad        edge write  0 read 13, running at write  3 read 18 burst 96 setup  0 ->  8.60 MB/s
03:37:02 |       CS1  quad        edge write  0 read 14, running at write  3 read 20 burst 96 setup  0 ->  8.19 MB/s
03:37:03 |       Y0   no quad setting survives 1024 kB
03:37:05 |         32 wrong over 1024 kB at write 5 read 18 burst 40
03:37:06 |         24 wrong over 1024 kB at write 5 read 20 burst 40
03:37:08 |       Y0   single 0x03 edge write  2 read 13, running at write  5 read 24 burst 32 setup 16 ->  1.70 MB/s
03:37:10 |         312 wrong over 1024 kB at write 5 read 11 burst 56
03:37:11 |         216 wrong over 1024 kB at write 5 read 12 burst 56
03:37:11 |         208 wrong over 1024 kB at write 5 read 13 burst 48
03:37:12 |         112 wrong over 1024 kB at write 5 read 14 burst 48
03:37:13 |         176 wrong over 1024 kB at write 5 read 16 burst 48
03:37:13 |         144 wrong over 1024 kB at write 5 read 18 burst 40
03:37:14 |         192 wrong over 1024 kB at write 5 read 20 burst 40
03:37:17 |       Y0   single 0x0B edge write  2 read  8, running at write  5 read 24 burst 32 setup 16 ->  1.67 MB/s
03:37:21 |       Y1   no quad setting survives 1024 kB
03:37:23 |       Y1   single 0x03 edge write  4 read  7, running at write  7 read 10 burst 64 setup 16 ->  3.00 MB/s
03:37:26 |       Y1   single 0x0B edge write  4 read  7, running at write  7 read 10 burst 56 setup 16 ->  2.95 MB/s
03:37:28 |       Y2   no quad setting survives 1024 kB
03:37:31 |       Y2   single 0x03 edge write  0 read 11, running at write  3 read 14 burst 48 setup 16 ->  2.52 MB/s
03:37:33 |       Y2   single 0x0B edge write  0 read  8, running at write  3 read 11 burst 56 setup 16 ->  2.84 MB/s
03:37:36 |       Y3   no quad setting survives 1024 kB
03:37:37 |         1 wrong over 1024 kB at write 3 read 10 burst 64
03:37:39 |       Y3   single 0x03 edge write  0 read  7, running at write  3 read 11 burst 56 setup 16 ->  2.86 MB/s
03:37:41 |       Y3   single 0x0B edge write  0 read  7, running at write  3 read 10 burst 56 setup 16 ->  2.95 MB/s
03:37:44 |       Y4   no quad setting survives 1024 kB
03:37:47 |       Y4   single 0x03 edge write  4 read 10, running at write  7 read 13 burst 56 setup 16 ->  2.64 MB/s
03:37:49 |       Y4   single 0x0B edge write  4 read  7, running at write  7 read 10 burst 56 setup 16 ->  2.95 MB/s
03:37:52 |       Y5   no quad setting survives 1024 kB
03:37:54 |       Y5   single 0x03 edge write  0 read 11, running at write  3 read 14 burst 48 setup 16 ->  2.52 MB/s
03:37:56 |       Y5   single 0x0B edge write  0 read  6, running at write  3 read  9 burst 64 setup 16 ->  3.12 MB/s
03:37:59 | 
03:37:59 |   proving every byte: fill all 8 banks (64 MB) with bank-tagged data, then read all back
03:37:59 |     CS0  filled 8 MB in 0.3 s
03:37:59 |     CS1  filled 8 MB in 0.3 s
03:38:01 |     Y5   filled 8 MB in 1.3 s
03:38:02 |     Y1   filled 8 MB in 1.8 s
03:38:04 |     Y3   filled 8 MB in 1.3 s
03:38:05 |     Y4   filled 8 MB in 1.8 s
03:38:07 |     Y2   filled 8 MB in 1.3 s
03:38:08 |     Y0   filled 8 MB in 1.7 s
03:38:09 |     CS0  quad        read back 8 MB in 1.0 s (8.60 MB/s): 0 wrong
03:38:10 |     CS1  quad        read back 8 MB in 1.0 s (8.19 MB/s): 0 wrong
03:38:13 |     Y5   single 0x0B read back 8 MB in 2.7 s (3.12 MB/s): 0 wrong
03:38:16 |     Y1   single 0x03 read back 8 MB in 2.8 s (3.00 MB/s): 0 wrong
03:38:19 |     Y3   single 0x0B read back 8 MB in 2.8 s (2.95 MB/s): 0 wrong
03:38:22 |     Y4   single 0x0B read back 8 MB in 2.8 s (2.95 MB/s): 0 wrong
03:38:25 |     Y2   single 0x0B read back 8 MB in 3.0 s (2.84 MB/s): 0 wrong
03:38:30 |     Y0   single 0x03 read back 8 MB in 4.9 s (1.70 MB/s): 32 wrong  -> DROPPED
03:38:30 |   PSRAM in use: 7 banks, 58720256 bytes
03:38:30 | 
03:38:30 |   SD card
03:38:30 |     SD begin attempt 1 (FIFO_SDIO) failed: SdFat error 0x17 data 0x00000001
03:38:30 |     SD begin attempt 2 (DMA_SDIO) failed: SdFat error 0x17 data 0x00000001
03:38:30 |     SD begin attempt 3 (FIFO_SDIO) failed: SdFat error 0x17 data 0x00000001
03:38:31 |     SD begin attempt 4 (DMA_SDIO) failed: SdFat error 0x17 data 0x00000001
03:38:32 |     SD begin attempt 5 (FIFO_SDIO) failed: SdFat error 0x17 data 0x00000001
03:38:33 |     SD begin attempt 6 (DMA_SDIO) failed: SdFat error 0x17 data 0x00000001
03:38:35 |     SD begin attempt 7 (FIFO_SDIO) failed: SdFat error 0x17 data 0x00000001
03:38:36 |     SD begin attempt 8 (DMA_SDIO) failed: SdFat error 0x17 data 0x00000001
03:38:38 | 
03:38:38 |   HALTED: the SD card would not initialise in 8 attempts; power-cycle the Teensy (unplug USB for 2 s)

[suite 2026-09-27 03:38:38] board halted during boot:   HALTED: the SD card would not initialise in 8 attempts; power-cycle the Teensy (unplug USB for 2 s)
