-- the drive before:
   NAME       SIZE FSTYPE PARTTYPENAME                 LABEL
   loop0        4G                                     
   ├─loop0p1  256M vfat   EFI System                   SYSTEM
   ├─loop0p2   16M        Microsoft reserved           
   ├─loop0p3  3.1G ntfs   Microsoft basic data         Windows
   └─loop0p4  623M ntfs   Windows recovery environment Recovery
-- 1. nvme-auto on the laptop drive
   nvme-auto: drive /dev/loop0,  4G 
   nvme-auto: layout: table gpt, 4294967296 bytes
   nvme-auto:   /dev/loop0p1: 268435456 bytes, type c12a7328-f81f-11d2-ba4b-00a0c93ec93b, fs vfat, label 'SYSTEM'
   nvme-auto:     mounted at /root/nvme-claim-test/esp, holds: bootmgfw.efi 
   nvme-auto:   /dev/loop0p2: 16777216 bytes, type e3c9e316-0b5c-4db8-817d-f92df00215ae, fs , label ''
   nvme-auto:   /dev/loop0p3: 3355443200 bytes, type ebd0a0a2-b9e5-4433-87c0-68b6b72699c7, fs ntfs, label 'Windows'
   nvme-auto:   /dev/loop0p4: 653245952 bytes, type de94bba4-06d1-4d40-a16a-bfd50179d6ac, fs ntfs, label 'Recovery'
   nvme-auto: drive has partitions, none of them storage to mount (EFI boot partitions, other systems' data, swap
   nvme-auto: and unformatted space are not used) -- left untouched:
   nvme-auto: to give the whole drive to this Pi (ERASES EVERYTHING on it):
   nvme-auto:   sudo umount /dev/loop0p* ; sudo wipefs -a /dev/loop0 && sudo dd if=/dev/zero of=/dev/loop0 bs=1M count=1 conv=fsync && sudo systemctl restart nvme-auto
  PASS  drive with another OS's data left untouched
  PASS  the claim command is printed
  PASS  the printed command unmounts first
  PASS  the laptop's files are still there
-- 2. the owner's command, exactly as given, with this drive's name
   nvme-auto: drive /dev/loop0,  4G 
   nvme-auto: drive is blank: one GPT partition, ext4 labelled 'nvme'
   Partition #1 contains a vfat signature.
   nvme-auto: fstab: UUID=ce73b65c-1e75-4557-8c73-195504c0cd86 /root/nvme-claim-test/mnt ext4 defaults,noatime,nofail,x-systemd.device-timeout=15s,x-gvfs-show,x-gvfs-name=NVMe 0 2
   nvme-auto: ready: /dev/loop0p1 3.9G 3.9G /root/nvme-claim-test/mnt
-- the drive after:
   NAME      SIZE FSTYPE PARTTYPENAME     LABEL
   loop0       4G                         
   └─loop0p1   4G ext4   Linux filesystem nvme
  PASS  one partition
  PASS  ext4 labelled nvme
  PASS  one fstab line by UUID
  PASS  mounted:  3.9G 3.9G
  PASS  nvme-auto reports ready
NVME CLAIM TEST: PASS
