> I
< I bench-one worker 1 nsel 10 banksz 8388608 blk 8192 bits 4,2 fcpu 600000000
> P 0 0
< P 1 13 93 83 50
> P 1 0
< P 1 13 93 83 50
> P 2 0
< P 1 13 93 83 49
> P 2 1
< P 1 13 93 83 49
> P 2 2
< P 1 13 93 83 49
> P 2 3
< P 1 13 93 83 49
> P 2 4
< P 1 13 93 83 49
> P 2 5
< P 1 13 93 83 49
> P 2 6
< P 0 0 0 0 0
> P 2 7
< P 0 0 0 0 0
> B 0 0
< B ok
> T 9 0 32
< T 24 4 32
> R 96
< R 96 3273
> R 32
< R 32 1225
> T 9 0 96
< T 24 4 96
> F 0 32768
< F 2253617
> V 0 32768
< V 27636 1269251
> T 9 1 32
< T 24 5 32
> R 96
< R 96 3380
> R 32
< R 32 1268
> T 9 1 96
< T 24 5 96
> F 0 32768
< F 2253618
> V 0 32768
< V 28937 1306833
> T 9 2 32
< T 24 6 32
> R 96
< R 96 3492
> R 32
< R 32 1316
> T 9 2 96
< T 24 6 96
> F 0 32768
< F 2253618
> V 0 32768
< V 25806 1344105
> T 9 3 32
< T 24 8 32
> R 96
< R 96 3864
> R 32
< R 32 1496
> T 9 3 96
< T 24 8 96
> F 0 32768
< F 2253617
> V 0 32768
< V 25847 1452074
> T 9 4 32
< T 24 10 32
> R 96
< R 96 4223
> R 32
< R 32 1599
> T 9 4 80
< T 24 10 80
> F 0 32768
< F 2271297
> V 0 32768
< V 17742 1608929
> T 9 5 32
< T 24 12 32
> R 96
< R 96 4808
> R 32
< R 32 1751
> T 9 5 80
< T 24 12 80
> F 0 32768
< F 2271297
> V 0 32768
< V 0 1751537
> T 0 5 80
< T 4 12 80
> F 0 32768
< F 894562
> V 0 32768
< V 0 1751555
> T 0 5 80
< T 4 12 80
> B 1 0
< B ok
> T 9 0 32
< T 24 4 32
> R 96
< R 96 3273
> R 32
< R 32 1225
> T 9 0 96
< T 24 4 96
> F 0 32768
< F 2253588
> V 0 32768
< V 1986 1269251
> T 9 1 32
< T 24 5 32
> R 96
< R 96 3380
> R 32
< R 32 1268
> T 9 1 96
< T 24 5 96
> F 0 32768
< F 2253618
> V 0 32768
< V 12919 1306864
> T 9 2 32
< T 24 6 32
> R 96
< R 96 3492
> R 32
< R 32 1316
> T 9 2 96
< T 24 6 96
> F 0 32768
< F 2253618
> V 0 32768
< V 19142 1344079
> T 9 3 32
< T 24 8 32
> R 96
< R 96 3864
> R 32
< R 32 1496
> T 9 3 96
< T 24 8 96
> F 0 32768
< F 2253618
> V 0 32768
< V 15753 1452105
> T 9 4 32
< T 24 10 32
> R 96
< R 96 4223
> R 32
< R 32 1599
> T 9 4 80
< T 24 10 80
> F 0 32768
< F 2271296
> V 0 32768
< V 4107 1608930
> T 9 5 32
< T 24 12 32
> R 96
< R 96 4804
> R 32
< R 32 1751
> T 9 5 80
< T 24 12 80
> F 0 32768
< F 2271299
> V 0 32768
< V 1840 1751538
> T 9 6 32
< T 24 14 32
> R 96
< R 96 5223
> R 32
< R 32 1911
> T 9 6 64
< T 24 14 64
> F 0 32768
< F 2297298
> V 0 32768
< V 0 1924009
> T 0 6 64
< T 4 14 64
> F 0 32768
< F 904592
> V 0 32768
< V 0 1924009
> T 0 6 64
< T 4 14 64
> B 2 0
< B ok
> T 9 0 32
< T 24 4 32
> R 96
< R 96 3273
> R 32
< R 32 1225
> T 9 0 96
< T 24 4 96
> F 0 32768
< F 2253616
> V 0 32768
< V 32640 1269251
> T 9 1 32
< T 24 5 32
> R 96
< R 96 3380
> R 32
< R 32 1268
> T 9 1 96
< T 24 5 96
> F 0 32768
< F 2253618
> V 0 32768
< V 32644 1306830
> T 9 2 32
< T 24 6 32
> R 96
< R 96 3492
> R 32
< R 32 1316
> T 9 2 96
< T 24 6 96
> F 0 32768
< F 2253588
> V 0 32768
< V 32640 1344076
> T 9 3 32
< T 24 8 32
> R 96
< R 96 3864
> R 32
< R 32 1496
> T 9 3 96
< T 24 8 96
> F 0 32768
< F 2253588
> V 0 32768
< V 32640 1452106
> T 9 4 32
< T 24 10 32
> R 96
< R 96 4223
> R 32
< R 32 1599
> T 9 4 80
< T 24 10 80
> F 0 32768
< F 2271297
> V 0 32768
< V 32640 1608914
> T 9 5 32
< T 24 12 32
> R 96
< R 96 4807
> R 32
< R 32 1751
> T 9 5 80
< T 24 12 80
> F 0 32768
< F 2271267
> V 0 32768
< V 32665 1751538
> T 9 6 32
< T 24 14 32
> R 96
< R 96 5223
> R 32
< R 32 1911
> T 9 6 64
< T 24 14 64
> F 0 32768
< F 2297298
> V 0 32768
< V 32640 1924006
> T 9 7 32
< T 24 16 32
> R 96
< R 96 5632
> R 32
< R 32 2064
> T 9 7 64
< T 24 16 64
> F 0 32768
< F 2297267
> V 0 32768
< V 32640 2069979
> T 9 8 32
< T 24 20 32
> R 96
< R 96 6458
> R 32
< R 32 2378
> T 9 8 48
< T 24 20 48
> F 0 32768
< F 2342018
> V 0 32768
< V 32640 2426860
> T 9 9 32
< T 24 24 32
> R 96
< R 96 7279
> R 32
< R 32 2687
> T 9 9 48
< T 24 24 48
> F 0 32768
< F 2342016
> V 0 32768
< V 32602 2727309
> B 2 1
< B ok
> T 9 0 32
< T 24 4 32
> R 96
< R 96 3273
> R 32
< R 32 1225
> T 9 0 96
< T 24 4 96
> F 0 32768
< F 2253618
> V 0 32768
< V 32640 1269280
> T 9 1 32
< T 24 5 32
> R 96
< R 96 3380
> R 32
< R 32 1268
> T 9 1 96
< T 24 5 96
> F 0 32768
< F 2253589
> V 0 32768
< V 32611 1306834
> T 9 2 32
< T 24 6 32
> R 96
< R 96 3492
> R 32
< R 32 1316
> T 9 2 96
< T 24 6 96
> F 0 32768
< F 2253617
> V 0 32768
< V 32640 1344111
> T 9 3 32
< T 24 8 32
> R 96
< R 96 3864
> R 32
< R 32 1496
> T 9 3 96
< T 24 8 96
> F 0 32768
< F 2253617
> V 0 32768
< V 32640 1452077
> T 9 4 32
< T 24 10 32
> R 96
< R 96 4223
> R 32
< R 32 1599
> T 9 4 80
< T 24 10 80
> F 0 32768
< F 2271298
> V 0 32768
< V 32635 1608930
> T 9 5 32
< T 24 12 32
> R 96
< R 96 4807
> R 32
< R 32 1751
> T 9 5 80
< T 24 12 80
> F 0 32768
< F 2271301
> V 0 32768
< V 32652 1751541
> T 9 6 32
< T 24 14 32
> R 96
< R 96 5221
> R 32
< R 32 1911
> T 9 6 64
< T 24 14 64
> F 0 32768
< F 2297296
> V 0 32768
< V 32640 1924005
> T 9 7 32
< T 24 16 32
> R 96
< R 96 5632
> R 32
< R 32 2064
> T 9 7 64
< T 24 16 64
> F 0 32768
< F 2297297
> V 0 32768
< V 32640 2069995
> T 9 8 32
< T 24 20 32
> R 96
< R 96 6457
> R 32
< R 32 2378
> T 9 8 48
< T 24 20 48
> F 0 32768
< F 2342016
> V 0 32768
< V 32640 2426858
> T 9 9 32
< T 24 24 32
> R 96
< R 96 7279
> R 32
< R 32 2687
> T 9 9 48
< T 24 24 48
> F 0 32768
< F 2342017
> V 0 32768
< V 32601 2727340
> B 2 2
< B ok
> T 9 0 32
< T 24 4 32
> R 96
< R 96 3273
> R 32
< R 32 1225
> T 9 0 96
< T 24 4 96
> F 0 32768
< F 2253588
> V 0 32768
< V 32640 1269250
> T 9 1 32
< T 24 5 32
> R 96
< R 96 3380
> R 32
< R 32 1268
> T 9 1 96
< T 24 5 96
> F 0 32768
< F 2253618
> V 0 32768
< V 32639 1306862
> T 9 2 32
< T 24 6 32
> R 96
< R 96 3492
> R 32
< R 32 1316
> T 9 2 96
< T 24 6 96
> F 0 32768
< F 2253585
> V 0 32768
< V 32640 1344075
> T 9 3 32
< T 24 8 32
> R 96
< R 96 3864
> R 32
< R 32 1496
> T 9 3 96
< T 24 8 96
> F 0 32768
< F 2253618
> V 0 32768
< V 32640 1452104
> T 9 4 32
< T 24 10 32
> R 96
< R 96 4223
> R 32
< R 32 1599
> T 9 4 80
< T 24 10 80
> F 0 32768
< F 2271298
> V 0 32768
< V 32636 1608897
> T 9 5 32
< T 24 12 32
> R 96
< R 96 4807
> R 32
< R 32 1751
> T 9 5 80
< T 24 12 80
> F 0 32768
< F 2271298
> V 0 32768
< V 32650 1751541
> T 9 6 32
< T 24 14 32
> R 96
< R 96 5222
> R 32
< R 32 1911
> T 9 6 64
< T 24 14 64
> F 0 32768
< F 2297297
> V 0 32768
< V 32640 1924007
> T 9 7 32
< T 24 16 32
> R 96
< R 96 5630
> R 32
< R 32 2064
> T 9 7 64
< T 24 16 64
> F 0 32768
< F 2297297
> V 0 32768
< V 32640 2069971
> T 9 8 32
< T 24 20 32
> R 96
< R 96 6458
> R 32
< R 32 2378
> T 9 8 48
< T 24 20 48
> F 0 32768
< F 2341987
> V 0 32768
< V 32640 2426856
> T 9 9 32
< T 24 24 32
> R 96
< R 96 7279
> R 32
< R 32 2687
> T 9 9 48
< T 24 24 48
> F 0 32768
< F 2342019
> V 0 32768
< V 32614 2727320
> B 2 3
< B ok
> T 9 0 32
< T 24 4 32
> R 96
< R 96 3273
> R 32
< R 32 1225
> T 9 0 96
< T 24 4 96
> F 0 32768
< F 2253618
> V 0 32768
< V 32640 1269247
> T 9 1 32
< T 24 5 32
> R 96
< R 96 3380
> R 32
< R 32 1268
> T 9 1 96
< T 24 5 96
> F 0 32768
< F 2253618
> V 0 32768
< V 32636 1306828
> T 9 2 32
< T 24 6 32
> R 96
< R 96 3492
> R 32
< R 32 1316
> T 9 2 96
< T 24 6 96
> F 0 32768
< F 2253619
> V 0 32768
< V 32640 1344108
> T 9 3 32
< T 24 8 32
> R 96
< R 96 3864
> R 32
< R 32 1496
> T 9 3 96
< T 24 8 96
> F 0 32768
< F 2253589
> V 0 32768
< V 32640 1452076
> T 9 4 32
< T 24 10 32
> R 96
< R 96 4223
> R 32
< R 32 1599
> T 9 4 80
< T 24 10 80
> F 0 32768
< F 2271298
> V 0 32768
< V 32640 1608900
> T 9 5 32
< T 24 12 32
> R 96
< R 96 4807
> R 32
< R 32 1751
> T 9 5 80
< T 24 12 80
> F 0 32768
< F 2271298
> V 0 32768
< V 32639 1751537
> T 9 6 32
< T 24 14 32
> R 96
< R 96 5223
> R 32
< R 32 1911
> T 9 6 64
< T 24 14 64
> F 0 32768
< F 2297298
> V 0 32768
< V 32640 1924038
> T 9 7 32
< T 24 16 32
> R 96
< R 96 5632
> R 32
< R 32 2064
> T 9 7 64
< T 24 16 64
> F 0 32768
< F 2297298
> V 0 32768
< V 32640 2069998
> T 9 8 32
< T 24 20 32
> R 96
< R 96 6458
> R 32
< R 32 2378
> T 9 8 48
< T 24 20 48
> F 0 32768
< F 2342018
> V 0 32768
< V 32640 2426876
> T 9 9 32
< T 24 24 32
> R 96
< R 96 7279
> R 32
< R 32 2687
> T 9 9 48
< T 24 24 48
> F 0 32768
< F 2342017
> V 0 32768
< V 32600 2727336
> B 2 4
< B ok
> T 9 0 32
< T 24 4 32
> R 96
< R 96 3273
> R 32
< R 32 1225
> T 9 0 96
< T 24 4 96
> F 0 32768
< F 2253617
> V 0 32768
< V 32640 1269249
> T 9 1 32
< T 24 5 32
> R 96
< R 96 3380
> R 32
< R 32 1268
> T 9 1 96
< T 24 5 96
> F 0 32768
< F 2253617
> V 0 32768
< V 32640 1306828
> T 9 2 32
< T 24 6 32
> R 96
< R 96 3492
> R 32
< R 32 1316
> T 9 2 96
< T 24 6 96
> F 0 32768
< F 2253617
> V 0 32768
< V 32640 1344092
> T 9 3 32
< T 24 8 32
> R 96
< R 96 3864
> R 32
< R 32 1496
> T 9 3 96
< T 24 8 96
> F 0 32768
< F 2253587
> V 0 32768
< V 32640 1452101
> T 9 4 32
< T 24 10 32
> R 96
< R 96 4223
> R 32
< R 32 1599
> T 9 4 80
< T 24 10 80
> F 0 32768
< F 2271297
> V 0 32768
< V 32640 1608927
> T 9 5 32
< T 24 12 32
> R 96
< R 96 4807
> R 32
< R 32 1751
> T 9 5 80
< T 24 12 80
> F 0 32768
< F 2271298
> V 0 32768
< V 32640 1751538
> T 9 6 32
< T 24 14 32
> R 96
< R 96 5223
> R 32
< R 32 1911
> T 9 6 64
< T 24 14 64
> F 0 32768
< F 2297298
> V 0 32768
< V 32640 1924010
> T 9 7 32
< T 24 16 32
> R 96
< R 96 5633
> R 32
< R 32 2064
> T 9 7 64
< T 24 16 64
> F 0 32768
< F 2297297
> V 0 32768
< V 32640 2069982
> T 9 8 32
< T 24 20 32
> R 96
< R 96 6458
> R 32
< R 32 2378
> T 9 8 48
< T 24 20 48
> F 0 32768
< F 2342018
> V 0 32768
< V 32640 2426858
> T 9 9 32
< T 24 24 32
> R 96
< R 96 7278
> R 32
< R 32 2687
> T 9 9 48
< T 24 24 48
> F 0 32768
< F 2341988
> V 0 32768
< V 32602 2727307
> B 2 5
< B ok
> T 9 0 32
< T 24 4 32
> R 96
< R 96 3302
> R 32
< R 32 1225
> T 9 0 96
< T 24 4 96
> F 0 32768
< F 2253617
> V 0 32768
< V 32640 1269250
> T 9 1 32
< T 24 5 32
> R 96
< R 96 3380
> R 32
< R 32 1268
> T 9 1 96
< T 24 5 96
> F 0 32768
< F 2253617
> V 0 32768
< V 32640 1306830
> T 9 2 32
< T 24 6 32
> R 96
< R 96 3492
> R 32
< R 32 1316
> T 9 2 96
< T 24 6 96
> F 0 32768
< F 2253618
> V 0 32768
< V 32640 1344077
> T 9 3 32
< T 24 8 32
> R 96
< R 96 3864
> R 32
< R 32 1496
> T 9 3 96
< T 24 8 96
> F 0 32768
< F 2253618
> V 0 32768
< V 32640 1452102
> T 9 4 32
< T 24 10 32
> R 96
< R 96 4223
> R 32
< R 32 1599
> T 9 4 80
< T 24 10 80
> F 0 32768
< F 2271268
> V 0 32768
< V 32640 1608900
> T 9 5 32
< T 24 12 32
> R 96
< R 96 4807
> R 32
< R 32 1751
> T 9 5 80
< T 24 12 80
> F 0 32768
< F 2271296
> V 0 32768
< V 32640 1751543
> T 9 6 32
< T 24 14 32
> R 96
< R 96 5222
> R 32
< R 32 1911
> T 9 6 64
< T 24 14 64
> F 0 32768
< F 2297297
> V 0 32768
< V 32640 1924038
> T 9 7 32
< T 24 16 32
> R 96
< R 96 5630
> R 32
< R 32 2064
> T 9 7 64
< T 24 16 64
> F 0 32768
< F 2297298
> V 0 32768
< V 32640 2069995
> T 9 8 32
< T 24 20 32
> R 96
< R 96 6457
> R 32
< R 32 2378
> T 9 8 48
< T 24 20 48
> F 0 32768
< F 2342017
> V 0 32768
< V 32640 2426858
> T 9 9 32
< T 24 24 32
> R 96
< R 96 7279
> R 32
< R 32 2687
> T 9 9 48
< T 24 24 48
> F 0 32768
< F 2342018
> V 0 32768
< V 32600 2727307
> B 0 0
< B ok
> T 0 5 80
< T 4 12 80
> F 0 8192
< F 224498
> M 0 8192 4
< M -90112 435355
> M 0 8192 2
< M -16384 471172
> B 0 0
< B ok
> T 0 5 80
< T 4 12 80
> F 0 65536
< F 1787987
> B 1 0
< B ok
> T 0 6 64
< T 4 14 64
> F 0 65536
< F 1807987
> B 0 0
< B ok
> T 0 5 80
< T 4 12 80
> M 0 65536 4
< M -720896 3477084
> B 1 0
< B ok
> T 0 6 64
< T 4 14 64
> M 0 65536 4
< M -720896 3822015
> B 0 0
< B ok
> T 0 5 80
< T 4 12 80
> M 0 65536 2
< M -131072 3763804
> B 1 0
< B ok
> T 0 6 64
< T 4 14 64
> M 0 65536 2
< M -131072 4108768
