
[suite 2026-09-27 03:24:59] suite start: 4 tests x 3 runs, bench x 3, tests file D:\espicpc\firmware\bench-one\tests\psram_llm\tests_night1.txt

[suite 2026-09-27 03:24:59] port COM38 open

[suite 2026-09-27 03:24:59] >>> I
03:25:00 |       Y0   no quad setting survives 1024 kB
03:25:02 |         129 wrong over 1024 kB at write 6 read 11 burst 56
03:25:02 |         57 wrong over 1024 kB at write 6 read 12 burst 56
03:25:03 |         216 wrong over 1024 kB at write 6 read 13 burst 56
03:25:03 |         128 wrong over 1024 kB at write 6 read 14 burst 48
03:25:04 |         112 wrong over 1024 kB at write 6 read 16 burst 48
03:25:05 |         48 wrong over 1024 kB at write 6 read 18 burst 40
03:25:05 |         216 wrong over 1024 kB at write 6 read 20 burst 40
03:25:06 |         2 wrong over 1024 kB at write 6 read 24 burst 32
03:25:06 |       Y0   no single 0x03 setting survives 1024 kB
03:25:08 |         120 wrong over 1024 kB at write 5 read 11 burst 56
03:25:08 |         224 wrong over 1024 kB at write 5 read 12 burst 56
03:25:09 |         32 wrong over 1024 kB at write 5 read 13 burst 48
03:25:09 |         96 wrong over 1024 kB at write 5 read 14 burst 48
03:25:10 |         160 wrong over 1024 kB at write 5 read 16 burst 48
03:25:11 |         88 wrong over 1024 kB at write 5 read 18 burst 40
03:25:11 |         56 wrong over 1024 kB at write 5 read 20 burst 40
03:25:14 |       Y0   single 0x0B edge write  2 read  8, running at write  5 read 24 burst 32 setup 16 ->  1.67 MB/s
03:25:18 |       Y1   no quad setting survives 1024 kB
03:25:21 |       Y1   single 0x03 edge write  4 read  7, running at write  7 read 10 burst 64 setup 16 ->  3.00 MB/s
03:25:24 |       Y1   single 0x0B edge write  6 read  6, running at write  9 read  9 burst 64 setup 16 ->  3.12 MB/s
03:25:26 |       Y2   no quad setting survives 1024 kB
03:25:29 |       Y2   single 0x03 edge write  0 read 11, running at write  3 read 14 burst 48 setup 16 ->  2.52 MB/s
03:25:31 |       Y2   single 0x0B edge write  0 read  8, running at write  3 read 11 burst 56 setup 16 ->  2.84 MB/s
03:25:34 |       Y3   no quad setting survives 1024 kB
03:25:35 |         1 wrong over 1024 kB at write 3 read 10 burst 64
03:25:36 |       Y3   single 0x03 edge write  0 read  7, running at write  3 read 11 burst 56 setup 16 ->  2.86 MB/s
03:25:39 |       Y3   single 0x0B edge write  0 read  7, running at write  3 read 10 burst 56 setup 16 ->  2.95 MB/s
03:25:41 |       Y4   no quad setting survives 1024 kB
03:25:44 |       Y4   single 0x03 edge write  4 read 10, running at write  7 read 13 burst 56 setup 16 ->  2.64 MB/s
03:25:46 |       Y4   single 0x0B edge write  4 read  7, running at write  7 read 10 burst 56 setup 16 ->  2.95 MB/s
03:25:50 |       Y5   no quad setting survives 1024 kB
03:25:52 |       Y5   single 0x03 edge write  0 read 11, running at write  3 read 14 burst 48 setup 16 ->  2.52 MB/s
03:25:54 |       Y5   single 0x0B edge write  0 read  6, running at write  3 read  9 burst 64 setup 16 ->  3.12 MB/s
03:25:56 | 
03:25:56 |   proving every byte: fill all 8 banks (64 MB) with bank-tagged data, then read all back
03:25:57 |     CS0  filled 8 MB in 0.3 s
03:25:57 |     CS1  filled 8 MB in 0.3 s
03:25:59 |     Y1   filled 8 MB in 2.0 s
03:26:00 |     Y5   filled 8 MB in 1.3 s
03:26:02 |     Y4   filled 8 MB in 1.8 s
03:26:03 |     Y3   filled 8 MB in 1.3 s
03:26:05 |     Y2   filled 8 MB in 1.3 s
03:26:06 |     Y0   filled 8 MB in 1.7 s
03:26:07 |     CS0  quad        read back 8 MB in 1.0 s (8.60 MB/s): 0 wrong
03:26:09 |     CS1  quad        read back 8 MB in 1.6 s (5.17 MB/s): 0 wrong
03:26:12 |     Y1   single 0x0B read back 8 MB in 2.7 s (3.12 MB/s): 0 wrong
03:26:14 |     Y5   single 0x0B read back 8 MB in 2.7 s (3.12 MB/s): 0 wrong
03:26:17 |     Y4   single 0x0B read back 8 MB in 2.8 s (2.95 MB/s): 0 wrong
03:26:20 |     Y3   single 0x0B read back 8 MB in 2.8 s (2.95 MB/s): 0 wrong
03:26:23 |     Y2   single 0x0B read back 8 MB in 3.0 s (2.84 MB/s): 0 wrong
03:26:28 |     Y0   single 0x0B read back 8 MB in 5.0 s (1.67 MB/s): 0 wrong
03:26:28 |   PSRAM in use: 8 banks, 67108864 bytes
03:26:28 | 
03:26:28 |   SD card
03:26:28 | 
03:26:28 |   HALTED: no SD card, or it did not initialise (built-in slot, SDIO)
