
[board_cmd 2026-09-27 23:21:08] >>> I
23:21:10 |       Y0   single 0x0B edge write  3 read  8, running at write  6 read 11 burst 56 setup 16 ->  2.84 MB/s
23:21:12 |       Y1   no quad setting survives 1024 kB
23:21:15 |       Y1   single 0x03 edge write  4 read 11, running at write  7 read 14 burst 48 setup 16 ->  2.52 MB/s
23:21:17 |       Y1   single 0x0B edge write  4 read  7, running at write  7 read 10 burst 56 setup 16 ->  2.95 MB/s
23:21:20 |       Y2   no quad setting survives 1024 kB
23:21:23 |       Y2   single 0x03 edge write  0 read 11, running at write  3 read 14 burst 48 setup 16 ->  2.52 MB/s
23:21:25 |       Y2   single 0x0B edge write  0 read  8, running at write  3 read 11 burst 56 setup 16 ->  2.84 MB/s
23:21:27 |       Y3   no quad setting survives 1024 kB
23:21:30 |       Y3   single 0x03 edge write  0 read 11, running at write  3 read 14 burst 48 setup 16 ->  2.52 MB/s
23:21:32 |       Y3   single 0x0B edge write  0 read  7, running at write  3 read 10 burst 56 setup 16 ->  2.95 MB/s
23:21:35 |       Y4   no quad setting survives 1024 kB
23:21:35 |       Y4   no single 0x03 setting survives 1024 kB
23:21:36 |       Y4   no single 0x0B setting survives 1024 kB
23:21:36 |       Y4: not usable
23:21:36 |       Y5   no quad setting survives 1024 kB
23:21:39 |       Y5   single 0x03 edge write  0 read 11, running at write  3 read 14 burst 48 setup 16 ->  2.52 MB/s
23:21:41 |       Y5   single 0x0B edge write  0 read  7, running at write  3 read 10 burst 56 setup 16 ->  2.95 MB/s
23:21:43 |   proving every byte: fill all 7 banks (56 MB) with bank-tagged data, then read all back
23:21:44 |     CS0  filled 8 MB in 0.3 s
23:21:44 |     CS1  filled 8 MB in 0.3 s
23:21:46 |     Y1   filled 8 MB in 1.8 s
23:21:47 |     Y3   filled 8 MB in 1.3 s
23:21:49 |     Y5   filled 8 MB in 1.3 s
23:21:50 |     Y0   filled 8 MB in 1.7 s
23:21:51 |     Y2   filled 8 MB in 1.3 s
23:21:52 |     CS0  quad        read back 8 MB in 1.0 s (8.82 MB/s): 0 wrong
23:21:54 |     CS1  quad        read back 8 MB in 1.1 s (7.31 MB/s): 0 wrong
23:21:56 |     Y1   single 0x0B read back 8 MB in 2.8 s (2.95 MB/s): 0 wrong
23:21:59 |     Y3   single 0x0B read back 8 MB in 2.8 s (2.95 MB/s): 0 wrong
23:22:02 |     Y5   single 0x0B read back 8 MB in 2.8 s (2.95 MB/s): 0 wrong
23:22:05 |     Y0   single 0x0B read back 8 MB in 3.0 s (2.84 MB/s): 94 wrong  -> DROPPED
23:22:08 |     Y2   single 0x0B read back 8 MB in 3.0 s (2.84 MB/s): 0 wrong
23:22:08 |   PSRAM in use: 6 banks, 50331648 bytes
23:22:08 |   SD card
23:22:08 |     SD up on attempt 1 (DMA_SDIO), clock 49500 kHz
23:22:08 |     uSDHC at boot: WTMK_LVL 0x08100810 PROT_CTRL 0x08800022 MIX_CTRL 0x80000010 SYS_CTRL 0x008E003F VEND_SPEC 0x30007809 VEND_SPEC2 0x00019006
23:22:08 |     qwen3b.gguf: 1929903072 bytes
23:22:09 |     contiguous on the card, sectors 16776..3786119 (FAT32): every seek is one addition (checked in 806 ms)
23:22:13 |     sequential read: 32 MB in 4.62 s = 7.26 MB/s
23:22:13 |   opening the model: all of it stays on the card; the PSRAM gets the attention cache and nothing else
23:22:13 |     qwen3b.tok: 8301328 bytes on the card, contiguous
23:22:17 |     3.4 s; PSRAM self-check: 0 reads corrected, 0 writes re-done, 0 unresolved
23:22:17 |     36 layers, dim 2048, hidden 11008, 16 heads (2 kv), head_dim 128, vocabulary 151936, 151387 merges
23:22:17 |     3085938688 parameters in the file
23:22:17 |     read from the card per token: 1923948176 bytes
23:22:17 |     the model stays on the card: weights, norms and biases read from qwen3b.gguf every pass; the tokenizer's tables in qwen3b.tok (8301328 bytes, checked against the model and reused)
23:22:17 |     PSRAM used 50314176 of 50331648: the attention cache, 2647 positions -- nothing of the model
23:22:17 |   READY. Type a prompt and press Enter within 30 s, or the default runs

[board_cmd 2026-09-27 23:22:17] >>> ::hold
23:22:17 | HOLD waiting for prompts

[board_cmd 2026-09-27 23:22:17] >>> I
23:22:17 | I bench-one psram_llm v8 banks 6 ps_bytes 50331648 max_seq 2647 gen 16 sdio dma overlap 1 align 1 slice 0

[board_cmd 2026-09-27 23:22:17] >>> ::sdregs
23:22:17 |     uSDHC DMA: WTMK_LVL 0x08100810 PROT_CTRL 0x08800022 MIX_CTRL 0x80000010 SYS_CTRL 0x008E003F VEND_SPEC 0x30007809 VEND_SPEC2 0x00019006
23:22:17 | SDREGS cfg 0 wml 0 brst 0 blen 0

[board_cmd 2026-09-27 23:37:17] >>> ::sdsweep
23:37:17 | SWEEP begin temp_c 43.8
23:37:17 |     SD up (FIFO_SDIO), clock 49500 kHz
23:37:17 |     qwen3b.gguf: 1929903072 bytes
23:37:17 |     contiguous on the card, sectors 16776..3786119 (FAT32): every seek is one addition (checked in 134 ms)
23:37:17 |     qwen3b.tok: 8301328 bytes on the card, contiguous
23:37:18 | SWEEP fifo mb_s 22.91 sum b3592f65beaeda5a
23:37:18 |     SD up (DMA_SDIO), clock 49500 kHz
23:37:18 |     qwen3b.gguf: 1929903072 bytes
23:37:18 |     contiguous on the card, sectors 16776..3786119 (FAT32): every seek is one addition (checked in 807 ms)
23:37:18 |     qwen3b.tok: 8301328 bytes on the card, contiguous
23:37:18 |     uSDHC DMA as SdFat sets it: WTMK_LVL 0x08100810 PROT_CTRL 0x08800022 MIX_CTRL 0x80000010 SYS_CTRL 0x008E003F VEND_SPEC 0x30007809 VEND_SPEC2 0x00019006
23:37:19 | SWEEP dma sdfat wml 16 brst 8 blen 0 mb_s 7.32 data OK
23:37:19 | SWEEP dma wml 16 brst 4 blen 1 mb_s 7.32 data OK
23:37:19 | SWEEP dma wml 16 brst 4 blen 3 mb_s 7.32 data OK
23:37:20 | SWEEP dma wml 16 brst 4 blen 7 mb_s 7.32 data OK
23:37:20 | SWEEP dma wml 16 brst 8 blen 1 mb_s 7.31 data OK
23:37:20 | SWEEP dma wml 16 brst 8 blen 3 mb_s 7.32 data OK
23:37:21 | SWEEP dma wml 16 brst 8 blen 7 mb_s 7.32 data OK
23:37:21 | SWEEP dma wml 16 brst 16 blen 1 mb_s 7.31 data OK
23:37:21 | SWEEP dma wml 16 brst 16 blen 3 mb_s 7.31 data OK
23:37:21 | SWEEP dma wml 16 brst 16 blen 7 mb_s 7.33 data OK
23:37:22 | SWEEP dma wml 32 brst 4 blen 1 mb_s 7.33 data OK
23:37:22 | SWEEP dma wml 32 brst 4 blen 3 mb_s 7.32 data OK
23:37:22 | SWEEP dma wml 32 brst 4 blen 7 mb_s 7.33 data OK
23:37:23 | SWEEP dma wml 32 brst 8 blen 1 mb_s 7.32 data OK
23:37:23 | SWEEP dma wml 32 brst 8 blen 3 mb_s 7.32 data OK
23:37:23 | SWEEP dma wml 32 brst 8 blen 7 mb_s 7.32 data OK
23:37:24 | SWEEP dma wml 32 brst 16 blen 1 mb_s 7.32 data OK
23:37:24 | SWEEP dma wml 32 brst 16 blen 3 mb_s 7.33 data OK
23:37:24 | SWEEP dma wml 32 brst 16 blen 7 mb_s 7.32 data OK
23:37:25 | SWEEP dma wml 64 brst 4 blen 1 mb_s 7.33 data OK
23:37:25 | SWEEP dma wml 64 brst 4 blen 3 mb_s 7.32 data OK
23:37:25 | SWEEP dma wml 64 brst 4 blen 7 mb_s 7.32 data OK
23:37:26 | SWEEP dma wml 64 brst 8 blen 1 mb_s 7.32 data OK
23:37:26 | SWEEP dma wml 64 brst 8 blen 3 mb_s 7.32 data OK
23:37:26 | SWEEP dma wml 64 brst 8 blen 7 mb_s 7.32 data OK
23:37:27 | SWEEP dma wml 64 brst 16 blen 1 mb_s 7.31 data OK
23:37:27 | SWEEP dma wml 64 brst 16 blen 3 mb_s 7.32 data OK
23:37:27 | SWEEP dma wml 64 brst 16 blen 7 mb_s 7.32 data OK
23:37:27 | SWEEP dma wml 128 brst 4 blen 1 mb_s 7.31 data OK
23:37:28 | SWEEP dma wml 128 brst 4 blen 3 mb_s 7.31 data OK
23:37:28 | SWEEP dma wml 128 brst 4 blen 7 mb_s 7.32 data OK
23:37:28 | SWEEP dma wml 128 brst 8 blen 1 mb_s 7.32 data OK
23:37:29 | SWEEP dma wml 128 brst 8 blen 3 mb_s 7.31 data OK
23:37:29 | SWEEP dma wml 128 brst 8 blen 7 mb_s 7.31 data OK
23:37:29 | SWEEP dma wml 128 brst 16 blen 1 mb_s 7.31 data OK
23:37:30 | SWEEP dma wml 128 brst 16 blen 3 mb_s 7.31 data OK
23:37:30 | SWEEP dma wml 128 brst 16 blen 7 mb_s 7.31 data OK
23:37:30 | SWEEP best wml 64 brst 4 blen 1 mb_s 7.33 (kept for DMA)
23:37:30 | SWEEP end temp_c 43.8
