
[suite 2026-09-27 16:46:42] suite start: 29 entries x 3 runs, bench x 3, tests file firmware/bench-one/tests/psram_llm/tests_v7.txt

[suite 2026-09-27 16:46:42] port COM38 open

[suite 2026-09-27 16:46:42] >>> I
16:46:43 |       Y0   no quad setting survives 1024 kB
16:46:46 |       Y0   single 0x03 edge write  3 read 13, running at write  6 read 18 burst 40 setup 16 ->  2.17 MB/s
16:46:49 |       Y0   single 0x0B edge write  3 read  8, running at write  6 read 11 burst 56 setup 16 ->  2.84 MB/s
16:46:51 |       Y1   no quad setting survives 1024 kB
16:46:54 |       Y1   single 0x03 edge write  4 read 11, running at write  7 read 14 burst 48 setup 16 ->  2.52 MB/s
16:46:56 |       Y1   single 0x0B edge write  4 read  7, running at write  7 read 10 burst 56 setup 16 ->  2.95 MB/s
16:46:59 |       Y2   no quad setting survives 1024 kB
16:47:01 |       Y2   single 0x03 edge write  0 read 11, running at write  3 read 14 burst 48 setup 16 ->  2.52 MB/s
16:47:04 |       Y2   single 0x0B edge write  0 read  8, running at write  3 read 11 burst 56 setup 16 ->  2.84 MB/s
16:47:06 |       Y3   no quad setting survives 1024 kB
16:47:09 |       Y3   single 0x03 edge write  0 read 11, running at write  3 read 14 burst 48 setup 16 ->  2.52 MB/s
16:47:11 |       Y3   single 0x0B edge write  0 read  7, running at write  3 read 10 burst 56 setup 16 ->  2.95 MB/s
16:47:13 |       Y4   no quad setting survives 1024 kB
16:47:16 |       Y4   single 0x03 edge write  4 read 10, running at write  7 read 13 burst 56 setup 16 ->  2.64 MB/s
16:47:19 |       Y4   single 0x0B edge write  4 read  7, running at write  7 read 10 burst 56 setup 16 ->  2.95 MB/s
16:47:21 |       Y5   no quad setting survives 1024 kB
16:47:24 |       Y5   single 0x03 edge write  0 read 11, running at write  3 read 14 burst 48 setup 16 ->  2.52 MB/s
16:47:26 |       Y5   single 0x0B edge write  0 read  7, running at write  3 read 10 burst 56 setup 16 ->  2.95 MB/s
16:47:29 | 
16:47:29 |   proving every byte: fill all 8 banks (64 MB) with bank-tagged data, then read all back
16:47:29 |     CS0  filled 8 MB in 0.3 s
16:47:29 |     CS1  filled 8 MB in 0.3 s
16:47:30 |     Y5   filled 8 MB in 1.3 s
16:47:32 |     Y4   filled 8 MB in 1.8 s
16:47:34 |     Y1   filled 8 MB in 1.8 s
16:47:35 |     Y3   filled 8 MB in 1.3 s
16:47:37 |     Y0   filled 8 MB in 1.7 s
16:47:38 |     Y2   filled 8 MB in 1.3 s
16:47:39 |     CS0  quad        read back 8 MB in 1.0 s (8.82 MB/s): 0 wrong
16:47:40 |     CS1  quad        read back 8 MB in 1.1 s (7.31 MB/s): 0 wrong
16:47:43 |     Y5   single 0x0B read back 8 MB in 2.8 s (2.95 MB/s): 0 wrong
16:47:46 |     Y4   single 0x0B read back 8 MB in 2.8 s (2.95 MB/s): 0 wrong
16:47:49 |     Y1   single 0x0B read back 8 MB in 2.8 s (2.95 MB/s): 0 wrong
16:47:52 |     Y3   single 0x0B read back 8 MB in 2.8 s (2.95 MB/s): 0 wrong
16:47:55 |     Y0   single 0x0B read back 8 MB in 3.0 s (2.84 MB/s): 0 wrong
16:47:58 |     Y2   single 0x0B read back 8 MB in 3.0 s (2.84 MB/s): 0 wrong
16:47:58 |   PSRAM in use: 8 banks, 67108864 bytes
16:47:58 | 
16:47:58 |   SD card
16:47:58 |     SD up on attempt 1 (DMA_SDIO), clock 49500 kHz
16:47:58 |     qwen3b.gguf: 1929903072 bytes
16:47:59 |     contiguous on the card, sectors 16776..3786119 (FAT32): every seek is one addition (checked in 806 ms)
16:48:03 |     sequential read: 32 MB in 4.62 s = 7.26 MB/s
16:48:03 | 
16:48:03 |   opening the model: tokenizer into PSRAM, norms and biases into PSRAM, cache laid out
16:48:10 |     6.8 s; PSRAM self-check: 0 reads corrected, 0 writes re-done, 0 unresolved
16:48:10 |     36 layers, dim 2048, hidden 11008, 16 heads (2 kv), head_dim 128, vocabulary 151936, 151387 merges
16:48:10 |     3085938688 parameters in the file
16:48:10 |     read from the card per token: 1922981520 bytes
16:48:10 |     PSRAM used 48195856 of 67108864: tokenizer 8300816, norms+biases 966656, attention cache 38928384 (2048 positions)
16:48:10 | 
16:48:10 |   READY. Type a prompt and press Enter within 30 s, or the default runs

[suite 2026-09-27 16:48:10] >>> ::hold
16:48:10 | HOLD waiting for prompts

[suite 2026-09-27 16:48:10] >>> I
16:48:11 | I bench-one psram_llm v7 banks 8 ps_bytes 67108864 max_seq 2048 gen 16 sdio dma overlap 1 align 1 slice 0

[suite 2026-09-27 16:48:11] identity: I bench-one psram_llm v7 banks 8 ps_bytes 67108864 max_seq 2048 gen 16 sdio dma overlap 1 align 1 slice 0

[suite 2026-09-27 16:48:11] >>> ::bench
16:48:11 | BENCH begin temp_c 45.7
16:48:13 | BENCH sd_seq read_size 4096 mb_s 7.26 sdio dma
16:48:16 | BENCH sd_seq read_size 16384 mb_s 7.26 sdio dma
16:48:18 | BENCH sd_seq read_size 65536 mb_s 7.26 sdio dma
16:48:20 | BENCH sd_seq_dtcm read_size 4096 mb_s 7.26 sdio dma clock_khz 49500
16:48:20 |     SD up (FIFO_SDIO), clock 49500 kHz
16:48:20 |     qwen3b.gguf: 1929903072 bytes
16:48:20 |     contiguous on the card, sectors 16776..3786119 (FAT32): every seek is one addition (checked in 133 ms)
16:48:21 | BENCH sd_seq read_size 4096 mb_s 18.52 sdio fifo
16:48:23 | BENCH sd_seq read_size 16384 mb_s 18.54 sdio fifo
16:48:23 | BENCH sd_seq read_size 65536 mb_s 18.54 sdio fifo
16:48:24 | BENCH sd_seq_dtcm read_size 4096 mb_s 18.54 sdio fifo clock_khz 49500
16:48:24 |     SD up (DMA_SDIO), clock 49500 kHz
16:48:24 |     qwen3b.gguf: 1929903072 bytes
16:48:25 |     contiguous on the card, sectors 16776..3786119 (FAT32): every seek is one addition (checked in 806 ms)
16:48:25 | BENCH sd_random read_size 4096 count 256 ms_each 0.699 mb_s 5.59 fails 0
16:48:26 | BENCH kernel ffn_gate_L0 type 12 path presum rows 56 cols 2048 mb_s 61.45 mweights_s 114.55
16:48:27 | BENCH kernel ffn_gate_L0 type 12 path dot_q rows 56 cols 2048 mb_s 56.58 mweights_s 105.48
16:48:28 | BENCH kernel_x8 ffn_gate_L0 type 12 vectors 8 mweights_s_per_vector 139.43
16:48:29 | BENCH q4k_stage ffn_gate_L0 stage 0 cycles_per_weight 5.737 mweights_s 104.58
16:48:30 | BENCH q4k_stage ffn_gate_L0 stage 1 cycles_per_weight 4.405 mweights_s 136.20
16:48:31 | BENCH q4k_stage ffn_gate_L0 stage 2 cycles_per_weight 3.576 mweights_s 167.80
16:48:32 | BENCH kernel ffn_down_L0 type 14 path dot_q rows 7 cols 11008 mb_s 60.44 mweights_s 77.26
16:48:33 | BENCH kernel_x8 ffn_down_L0 type 14 vectors 8 mweights_s_per_vector 121.22
16:48:34 | BENCH kernel attn_v_L0 type 14 path dot_q rows 39 cols 2048 mb_s 61.60 mweights_s 78.74
16:48:35 | BENCH kernel_x8 attn_v_L0 type 14 vectors 8 mweights_s_per_vector 121.49
16:48:36 | BENCH kernel token_embd type 14 path dot_q rows 39 cols 2048 mb_s 61.61 mweights_s 78.75
16:48:37 | BENCH kernel_x8 token_embd type 14 vectors 8 mweights_s_per_vector 121.49
16:48:38 | BENCH psram_raw bank Y0 mode single 0x0B write_mb_s 5.01 read_mb_s 2.84 wrong 0
16:48:39 | BENCH psram_checked bank Y0 write_mb_s 1.84 read_mb_s 1.45 errors 0
16:48:39 | BENCH end temp_c 45.1

[suite 2026-09-27 16:48:39] >>> ::prefill 1
16:48:39 | PREFILL 1

[suite 2026-09-27 16:48:39] board command ::prefill 1 -> PREFILL 1

[suite 2026-09-27 16:48:39] >>> ::sdio dma
16:48:40 |     SD up (DMA_SDIO), clock 49500 kHz
16:48:40 |     qwen3b.gguf: 1929903072 bytes
16:48:40 |     contiguous on the card, sectors 16776..3786119 (FAT32): every seek is one addition (checked in 806 ms)
16:48:40 | SDIO dma

[suite 2026-09-27 16:48:40] board command ::sdio dma -> SDIO dma

[suite 2026-09-27 16:48:40] >>> ::overlap 1
16:48:41 | OVERLAP 1 (card DMA_SDIO)

[suite 2026-09-27 16:48:41] board command ::overlap 1 -> OVERLAP 1 (card DMA_SDIO)

[suite 2026-09-27 16:48:41] >>> ::align 1
16:48:41 | ALIGN 1 (card DMA_SDIO)

[suite 2026-09-27 16:48:41] board command ::align 1 -> ALIGN 1 (card DMA_SDIO)

[suite 2026-09-27 16:48:41] >>> ::slice 0
16:48:42 | SLICE 0 us of rows per yield (0: one row per yield)

[suite 2026-09-27 16:48:42] board command ::slice 0 -> SLICE 0 us of rows per yield (0: one row per yield)

[suite 2026-09-27 16:48:44] >>> ::gen 2
16:48:45 | GEN 2

[suite 2026-09-27 16:48:45] test ab_default run 1: gen 2 prompt 'The capital of France is'

[suite 2026-09-27 16:48:45] >>> The capital of France is
16:48:45 | 
16:48:45 |   prompt: "The capital of France is"  (5 tokens, generating 2, prompt batched through tl_prefill)
16:48:45 | prompt ids: 785 6722 315 9625 374
