
[suite 2026-09-27 12:21:54] suite start: 6 entries x 3 runs, bench x 3, tests file D:\espicpc\firmware\bench-one\tests\psram_llm\tests_night2.txt

[suite 2026-09-27 12:21:54] port COM38 open

[suite 2026-09-27 12:21:54] >>> I
12:21:55 |       Y0   no quad setting survives 1024 kB
12:21:56 |         1 wrong over 1024 kB at write 6 read 11 burst 56
12:21:57 |         1 wrong over 1024 kB at write 6 read 12 burst 56
12:21:59 |       Y0   single 0x03 edge write  3 read  8, running at write  6 read 13 burst 56 setup 16 ->  2.65 MB/s
12:22:01 |       Y0   single 0x0B edge write  3 read  8, running at write  6 read 11 burst 56 setup 16 ->  2.83 MB/s
12:22:04 |       Y1   no quad setting survives 1024 kB
12:22:06 |       Y1   single 0x03 edge write  4 read  6, running at write  7 read  9 burst 64 setup 16 ->  3.15 MB/s
12:22:08 |       Y1   single 0x0B edge write  4 read  7, running at write  7 read 10 burst 56 setup 16 ->  2.95 MB/s
12:22:11 |       Y2   no quad setting survives 1024 kB
12:22:13 |       Y2   single 0x03 edge write  0 read 11, running at write  3 read 14 burst 48 setup 16 ->  2.52 MB/s
12:22:16 |       Y2   single 0x0B edge write  0 read  8, running at write  3 read 11 burst 56 setup 16 ->  2.83 MB/s
12:22:18 |       Y3   no quad setting survives 1024 kB
12:22:21 |       Y3   single 0x03 edge write  0 read 11, running at write  3 read 14 burst 48 setup 16 ->  2.52 MB/s
12:22:23 |       Y3   single 0x0B edge write  0 read  7, running at write  3 read 10 burst 56 setup 16 ->  2.95 MB/s
12:22:26 |       Y4   no quad setting survives 1024 kB
12:22:27 |       Y4   no single 0x03 setting survives 1024 kB
12:22:28 |       Y4   no single 0x0B setting survives 1024 kB
12:22:28 |       Y4: not usable
12:22:29 |       Y5   no quad setting survives 1024 kB
12:22:31 |       Y5   single 0x03 edge write  0 read 11, running at write  3 read 14 burst 48 setup 16 ->  2.52 MB/s
12:22:34 |       Y5   single 0x0B edge write  0 read  7, running at write  3 read 10 burst 56 setup 16 ->  2.95 MB/s
12:22:36 | 
12:22:36 |   proving every byte: fill all 7 banks (56 MB) with bank-tagged data, then read all back
12:22:36 |     CS0  filled 8 MB in 0.3 s
12:22:37 |     CS1  filled 8 MB in 0.3 s
12:22:38 |     Y1   filled 8 MB in 1.8 s
12:22:40 |     Y3   filled 8 MB in 1.3 s
12:22:41 |     Y5   filled 8 MB in 1.3 s
12:22:42 |     Y0   filled 8 MB in 1.7 s
12:22:44 |     Y2   filled 8 MB in 1.3 s
12:22:45 |     CS0  quad        read back 8 MB in 0.9 s (9.26 MB/s): 0 wrong
12:22:46 |     CS1  quad        read back 8 MB in 1.0 s (8.19 MB/s): 0 wrong
12:22:48 |     Y1   single 0x03 read back 8 MB in 2.7 s (3.15 MB/s): 0 wrong
12:22:51 |     Y3   single 0x0B read back 8 MB in 2.8 s (2.95 MB/s): 0 wrong
12:22:54 |     Y5   single 0x0B read back 8 MB in 2.8 s (2.95 MB/s): 0 wrong
12:22:57 |     Y0   single 0x0B read back 8 MB in 3.0 s (2.83 MB/s): 0 wrong
12:23:00 |     Y2   single 0x0B read back 8 MB in 3.0 s (2.83 MB/s): 0 wrong
12:23:00 |   PSRAM in use: 7 banks, 58720256 bytes
12:23:00 | 
12:23:00 |   SD card
12:23:00 |     SD begin attempt 1 (FIFO_SDIO) failed: SdFat error 0x17 data 0x00000001
12:23:01 |     SD begin attempt 2 (DMA_SDIO) failed: SdFat error 0x17 data 0x00000001
12:23:01 |     SD begin attempt 3 (FIFO_SDIO) failed: SdFat error 0x17 data 0x00000001
12:23:02 |     SD begin attempt 4 (DMA_SDIO) failed: SdFat error 0x17 data 0x00000001
12:23:03 |     SD begin attempt 5 (FIFO_SDIO) failed: SdFat error 0x17 data 0x00000001
12:23:04 |     SD begin attempt 6 (DMA_SDIO) failed: SdFat error 0x17 data 0x00000001
12:23:05 |     SD begin attempt 7 (FIFO_SDIO) failed: SdFat error 0x17 data 0x00000001
12:23:07 |     SD begin attempt 8 (DMA_SDIO) failed: SdFat error 0x17 data 0x00000001
12:23:09 | 
12:23:09 |   HALTED: the SD card would not initialise; power-cycle the Teensy (unplug USB for 2 s)

[suite 2026-09-27 12:23:09] board halted during boot:   HALTED: the SD card would not initialise; power-cycle the Teensy (unplug USB for 2 s)
