
[board_cmd 2026-09-27 23:42:22] >>> I
23:42:22 |       Y0   no quad setting survives 1024 kB
23:42:24 |         136 wrong over 1024 kB at write 6 read 18 burst 40
23:42:25 |         112 wrong over 1024 kB at write 6 read 20 burst 40
23:42:27 |       Y0   single 0x03 edge write  3 read 13, running at write  6 read 24 burst 32 setup 16 ->  1.78 MB/s
23:42:30 |       Y0   single 0x0B edge write  2 read  8, running at write  5 read 11 burst 56 setup 16 ->  2.83 MB/s
23:42:30 |       Y0: 144 wrong on stability pass 1; leaving it out
23:42:30 |       Y0: not usable
23:42:30 |       Y1   no quad setting survives 1024 kB
23:42:33 |       Y1   single 0x03 edge write  4 read 11, running at write  7 read 14 burst 48 setup 16 ->  2.52 MB/s
23:42:35 |       Y1   single 0x0B edge write  4 read  7, running at write  7 read 10 burst 56 setup 16 ->  2.95 MB/s
23:42:38 |       Y2   no quad setting survives 1024 kB
23:42:41 |       Y2   single 0x03 edge write  0 read 11, running at write  3 read 14 burst 48 setup 16 ->  2.52 MB/s
23:42:43 |       Y2   single 0x0B edge write  0 read  8, running at write  3 read 11 burst 56 setup 16 ->  2.83 MB/s
23:42:46 |       Y3   no quad setting survives 1024 kB
23:42:48 |       Y3   single 0x03 edge write  0 read 11, running at write  3 read 14 burst 48 setup 16 ->  2.52 MB/s
23:42:50 |       Y3   single 0x0B edge write  0 read  7, running at write  3 read 10 burst 56 setup 16 ->  2.95 MB/s
23:42:53 |       Y4   no quad setting survives 1024 kB
23:42:53 |       Y4   no single 0x03 setting survives 1024 kB
23:42:54 |       Y4   no single 0x0B setting survives 1024 kB
23:42:54 |       Y4: not usable
23:42:54 |       Y5   no quad setting survives 1024 kB
23:42:57 |       Y5   single 0x03 edge write  0 read 11, running at write  3 read 14 burst 48 setup 16 ->  2.52 MB/s
23:42:59 |       Y5   single 0x0B edge write  0 read  6, running at write  3 read  9 burst 64 setup 16 ->  3.12 MB/s
23:43:01 |   proving every byte: fill all 6 banks (48 MB) with bank-tagged data, then read all back
23:43:02 |     CS0  filled 8 MB in 0.3 s
23:43:02 |     CS1  filled 8 MB in 0.3 s
23:43:03 |     Y5   filled 8 MB in 1.3 s
23:43:05 |     Y1   filled 8 MB in 1.8 s
23:43:06 |     Y3   filled 8 MB in 1.3 s
23:43:08 |     Y2   filled 8 MB in 1.3 s
23:43:09 |     CS0  quad        read back 8 MB in 1.0 s (8.82 MB/s): 0 wrong
23:43:10 |     CS1  quad        read back 8 MB in 1.1 s (7.31 MB/s): 0 wrong
23:43:12 |     Y5   single 0x0B read back 8 MB in 2.7 s (3.12 MB/s): 0 wrong
23:43:15 |     Y1   single 0x0B read back 8 MB in 2.8 s (2.95 MB/s): 0 wrong
23:43:18 |     Y3   single 0x0B read back 8 MB in 2.8 s (2.95 MB/s): 0 wrong
23:43:21 |     Y2   single 0x0B read back 8 MB in 3.0 s (2.83 MB/s): 0 wrong
23:43:21 |   PSRAM in use: 6 banks, 50331648 bytes
23:43:21 |   SD card
23:43:21 |     SD up on attempt 1 (DMA_SDIO), clock 49500 kHz
23:43:21 |     uSDHC at boot: WTMK_LVL 0x08100810 PROT_CTRL 0x08800022 MIX_CTRL 0x80000010 SYS_CTRL 0x008E003F VEND_SPEC 0x30007809 VEND_SPEC2 0x00019006
23:43:21 |     qwen3b.gguf: 1929903072 bytes
23:43:22 |     contiguous on the card, sectors 16776..3786119 (FAT32): every seek is one addition (checked in 806 ms)
23:43:26 |     sequential read: 32 MB in 4.62 s = 7.26 MB/s
23:43:26 |   opening the model: all of it stays on the card; the PSRAM gets the attention cache and nothing else
23:43:26 |     qwen3b.tok: 8301328 bytes on the card, contiguous
23:43:30 |     3.4 s; PSRAM self-check: 0 reads corrected, 0 writes re-done, 0 unresolved
23:43:30 |     36 layers, dim 2048, hidden 11008, 16 heads (2 kv), head_dim 128, vocabulary 151936, 151387 merges
23:43:30 |     3085938688 parameters in the file
23:43:30 |     read from the card per token: 1923948176 bytes
23:43:30 |     the model stays on the card: weights, norms and biases read from qwen3b.gguf every pass; the tokenizer's tables in qwen3b.tok (8301328 bytes, checked against the model and reused)
23:43:30 |     PSRAM used 50314176 of 50331648: the attention cache, 2647 positions -- nothing of the model
23:43:30 |   READY. Type a prompt and press Enter within 30 s, or the default runs

[board_cmd 2026-09-27 23:43:30] >>> ::hold
23:43:30 | HOLD waiting for prompts

[board_cmd 2026-09-27 23:43:30] >>> I
23:43:30 | I bench-one psram_llm v8 banks 6 ps_bytes 50331648 max_seq 2647 gen 16 sdio dma overlap 1 align 1 slice 0

[board_cmd 2026-09-27 23:43:30] >>> ::sdclksweep
23:43:30 | CLKSWEEP begin temp_c 43.1
23:43:30 |     SD up (FIFO_SDIO), clock 49500 kHz
23:43:30 |     qwen3b.gguf: 1929903072 bytes
23:43:30 |     contiguous on the card, sectors 16776..3786119 (FAT32): every seek is one addition (checked in 133 ms)
23:43:30 |     qwen3b.tok: 8301328 bytes on the card, contiguous
23:43:31 | CLKSWEEP khz 49500 divider 4 mb_s 22.92 (SdFat's, the reference)
23:43:31 | CLKSWEEP khz 66000 divider 3 mb_s 24.03 regions 8 wrong 0 failed 0
23:43:32 | CLKSWEEP khz 99000 divider 2 mb_s 23.86 regions 8 wrong 0 failed 0
23:43:32 |     SD up (DMA_SDIO), clock 49500 kHz
23:43:32 |     qwen3b.gguf: 1929903072 bytes
23:43:33 |     contiguous on the card, sectors 16776..3786119 (FAT32): every seek is one addition (checked in 806 ms)
23:43:33 |     qwen3b.tok: 8301328 bytes on the card, contiguous
23:43:33 | CLKSWEEP best khz 99000 divider 2 (kept)
23:43:33 | CLKSWEEP end temp_c 43.1
