
[board_cmd 2026-09-28 04:56:19] >>> I
04:56:19 |       Y0   no quad setting survives 1024 kB
04:56:21 |         32 wrong over 1024 kB at write 5 read 18 burst 40
04:56:23 |       Y0   single 0x03 edge write  2 read 13, running at write  5 read 20 burst 40 setup 16 ->  2.04 MB/s
04:56:24 |         48 wrong over 1024 kB at write 5 read 11 burst 56
04:56:25 |         48 wrong over 1024 kB at write 5 read 12 burst 56
04:56:26 |         32 wrong over 1024 kB at write 5 read 13 burst 48
04:56:26 |         64 wrong over 1024 kB at write 5 read 14 burst 48
04:56:27 |         80 wrong over 1024 kB at write 5 read 16 burst 48
04:56:28 |         48 wrong over 1024 kB at write 5 read 18 burst 40
04:56:28 |         8 wrong over 1024 kB at write 5 read 20 burst 40
04:56:31 |       Y0   single 0x0B edge write  2 read  8, running at write  5 read 24 burst 32 setup 16 ->  1.74 MB/s
04:56:32 |       Y0: 72 wrong on stability pass 1; leaving it out
04:56:32 |       Y0: not usable
04:56:32 |       Y1   no quad setting survives 1024 kB
04:56:35 |       Y1   single 0x03 edge write  4 read 11, running at write  7 read 14 burst 48 setup 16 ->  2.52 MB/s
04:56:37 |       Y1   single 0x0B edge write  4 read  7, running at write  7 read 10 burst 56 setup 16 ->  2.95 MB/s
04:56:39 |       Y2   no quad setting survives 1024 kB
04:56:42 |       Y2   single 0x03 edge write  0 read 11, running at write  3 read 14 burst 48 setup 16 ->  2.52 MB/s
04:56:44 |       Y2   single 0x0B edge write  0 read  8, running at write  3 read 11 burst 56 setup 16 ->  2.84 MB/s
04:56:47 |       Y3   no quad setting survives 1024 kB
04:56:50 |       Y3   single 0x03 edge write  0 read 11, running at write  3 read 14 burst 48 setup 16 ->  2.52 MB/s
04:56:52 |       Y3   single 0x0B edge write  0 read  7, running at write  3 read 10 burst 56 setup 16 ->  2.95 MB/s
04:56:54 |       Y4   no quad setting survives 1024 kB
04:56:55 |       Y4   no single 0x03 setting survives 1024 kB
04:56:56 |       Y4   no single 0x0B setting survives 1024 kB
04:56:56 |       Y4: not usable
04:56:56 |       Y5   no quad setting survives 1024 kB
04:56:59 |       Y5   single 0x03 edge write  0 read 11, running at write  3 read 14 burst 48 setup 16 ->  2.52 MB/s
04:57:01 |       Y5   single 0x0B edge write  0 read  7, running at write  3 read 10 burst 56 setup 16 ->  2.95 MB/s
04:57:03 |   proving every byte: fill all 6 banks (48 MB) with bank-tagged data, then read all back
04:57:03 |     CS0  filled 8 MB in 0.3 s
04:57:04 |     CS1  filled 8 MB in 0.3 s
04:57:05 |     Y3   filled 8 MB in 1.3 s
04:57:06 |     Y5   filled 8 MB in 1.3 s
04:57:08 |     Y1   filled 8 MB in 1.8 s
04:57:09 |     Y2   filled 8 MB in 1.3 s
04:57:10 |     CS0  quad        read back 8 MB in 0.9 s (9.40 MB/s): 0 wrong
04:57:11 |     CS1  quad        read back 8 MB in 1.1 s (7.31 MB/s): 0 wrong
04:57:14 |     Y3   single 0x0B read back 8 MB in 2.8 s (2.95 MB/s): 0 wrong
04:57:17 |     Y5   single 0x0B read back 8 MB in 2.8 s (2.95 MB/s): 0 wrong
04:57:20 |     Y1   single 0x0B read back 8 MB in 2.8 s (2.95 MB/s): 0 wrong
04:57:23 |     Y2   single 0x0B read back 8 MB in 3.0 s (2.84 MB/s): 0 wrong
04:57:23 |   PSRAM in use: 6 banks, 50331648 bytes
04:57:23 |   SD card
04:57:23 |     SD up on attempt 1 (DMA_SDIO), clock 49500 kHz
04:57:23 |     uSDHC at boot: WTMK_LVL 0x08100810 PROT_CTRL 0x08800022 MIX_CTRL 0x80000010 SYS_CTRL 0x008E003F VEND_SPEC 0x30007809 VEND_SPEC2 0x00019006
04:57:23 |     qwen3b.gguf: 1929903072 bytes
04:57:24 |     contiguous on the card, sectors 16776..3786119 (FAT32): every seek is one addition (checked in 806 ms)
04:57:24 | CLKSWEEP begin temp_c 42.5
04:57:24 |     SD up (FIFO_SDIO), clock 49500 kHz
04:57:24 |     qwen3b.gguf: 1929903072 bytes
04:57:24 |     contiguous on the card, sectors 16776..3786119 (FAT32): every seek is one addition (checked in 132 ms)
04:57:24 | CLKSWEEP khz 49500 divider 4 mb_s 22.91 (SdFat's, the reference)
04:57:25 | CLKSWEEP khz 66000 divider 3 mb_s 24.02 regions 8 wrong 0 failed 0
04:57:26 | CLKSWEEP khz 99000 divider 2 mb_s 23.86 regions 8 wrong 0 failed 0
04:57:26 |     SD up (DMA_SDIO), clock 49500 kHz
04:57:26 |     qwen3b.gguf: 1929903072 bytes
04:57:27 |     contiguous on the card, sectors 16776..3786119 (FAT32): every seek is one addition (checked in 806 ms)
04:57:27 | CLKSWEEP best khz 66000 divider 3 mb_s 24.02 (kept)
04:57:27 | CLKSWEEP end temp_c 41.9
04:57:32 |     sequential read: 32 MB in 4.47 s = 7.51 MB/s
04:57:32 |   opening the model: all of it stays on the card; the PSRAM gets the attention cache and nothing else
04:57:32 |     qwen3b.tok: 8301328 bytes on the card, contiguous
04:57:35 |     3.3 s; PSRAM self-check: 0 reads corrected, 0 writes re-done, 0 unresolved
04:57:35 |     36 layers, dim 2048, hidden 11008, 16 heads (2 kv), head_dim 128, vocabulary 151936, 151387 merges
04:57:35 |     3085938688 parameters in the file
04:57:35 |     read from the card per token: 1923948176 bytes
04:57:35 |     the model stays on the card: weights, norms and biases read from qwen3b.gguf every pass; the tokenizer's tables in qwen3b.tok (8301328 bytes, checked against the model and reused)
04:57:35 |     PSRAM: 6 chips, the attention cache on 5 of them, one layer per region (1048416 bytes), 1956 positions; 48 layer slots, 12 spare (any one chip can fail) -- nothing of the model
04:57:35 |     layer -> chip: CS0 CS0 CS0 CS0 CS0 CS0 CS0 CS0 CS1 CS1 CS1 CS1 CS1 CS1 CS1 CS1 Y3 Y3 Y3 Y3 Y3 Y3 Y3 Y3 Y5 Y5 Y5 Y5 Y5 Y5 Y5 Y5 Y1 Y1 Y1 Y1
04:57:35 |   READY. Type a prompt and press Enter within 30 s, or the default runs

[board_cmd 2026-09-28 04:57:35] >>> ::hold
04:57:35 | HOLD waiting for prompts

[board_cmd 2026-09-28 04:57:35] >>> I
04:57:35 | I bench-one psram_llm v9 banks 6 ps_bytes 50331648 max_seq 1956 gen 16 sdio dma overlap 1 align 1 slice 0 clk 66000

[board_cmd 2026-09-28 04:57:35] >>> ::sdadma
04:57:35 | ADMA begin temp_c 42.5
04:57:35 |     SD up (FIFO_SDIO), clock 66000 kHz
04:57:35 |     qwen3b.gguf: 1929903072 bytes
04:57:35 |     contiguous on the card, sectors 16776..3786119 (FAT32): every seek is one addition (checked in 113 ms)
04:57:35 |     qwen3b.tok: 8301328 bytes on the card, contiguous
04:57:35 | ADMA fifo mb_s 23.95
04:57:35 |     SD up (DMA_SDIO), clock 66000 kHz
04:57:35 |     qwen3b.gguf: 1929903072 bytes
04:57:36 |     contiguous on the card, sectors 16776..3786119 (FAT32): every seek is one addition (checked in 786 ms)
04:57:36 |     qwen3b.tok: 8301328 bytes on the card, contiguous
04:57:36 | ADMA sdma read_size 65536 mb_s 7.54 data OK
04:57:36 | ADMA adma2 read_size 4096 mb_s 8.31 data OK adma_err 0x00000000
04:57:37 | ADMA adma2 read_size 16384 mb_s 14.20 data OK adma_err 0x00000000
04:57:37 | ADMA adma2 read_size 65536 mb_s 17.28 data OK adma_err 0x00000000
04:57:37 | ADMA end temp_c 42.5
