03:19:10  listening on socket://localhost:5573
03:19:32  listening on socket://localhost:5573
03:19:33  the board's console is socket://localhost:5573; capture in D:\espicpc\hardware\pz7020-starlite\linux\captures\experiment-20261006-031910-17484
03:19:33  step 0: listening to the boot (sending nothing)
03:19:33    boot: U-Boot at +0.0 s
03:19:42    boot: pl.bit at +8.5 s
03:19:42    boot: PL NOT loaded at +8.5 s
03:19:45    boot: kernel at +12.0 s
03:19:49    boot: systemd at +15.5 s
03:20:32    boot: guard at +58.1 s
03:20:51    boot: login at +77.7 s
03:21:51    boot: logged in 60 s ago and no report -- one Enter: does the shell still answer?
03:21:52    boot: the shell answers, but the report never printed: something it waits for is stuck (the guard's log, read next, says what)
03:21:54  step 1: what this boot did
03:21:54    | console=ttyPS0,115200 earlycon root=/dev/mmcblk0p2 rw rootwait net.ifnames=0 uio_pdrv_genirq.of_id=generic-uio clk_ignore_unused fpgagpu.pl_loaded=1
03:21:54    | 6.12.0-dirty
03:21:54    | 33.55 17.89
03:21:55    | G|== boot 1
03:21:55    | G|[   13.31 s] kernel 6.12.0-dirty; guards: clk_ignore_unused yes, marker fpgagpu.pl_loaded=1 yes
03:21:55    | G|[   13.42 s] fclk0 in the clock framework: enable_count 1, prepare_count 1, rate 99999999 Hz
03:21:55    | G|[   13.44 s] SLCR IO_PLL_CTRL 0x0001e000 FPGA0_CLK_CTRL 0x00200500 FPGA0_THR_CTRL 0x00000000 FPGA0_THR_CNT 0x00000000 FPGA0_THR_STA 0x00010000 FPGA_RST_CTRL 0x00000000 LVL_SHFTR_EN 0x0000000f
03:21:55    | G|[   13.45 s] DEVCFG INT_STS 0x00000000 STATUS 0x00000000
03:21:55    | G|[   13.46 s] reading 0x40000000 (platform registers) through M_AXI_GP0 -- if this is the last line, that read hung
03:21:55    PLX guard read stuck: 0x40000000 (platform registers) -- the guard's last line is that read, and no value followed
03:21:55    | activating inactive inactive inactive active 
03:21:55    |    clock                          count    count    count        rate   accuracy phase  cycle    enable   consumer                         id
03:21:55    |           fclk1_mux                  0       0        0        999999990   0          0     50000      Y            deviceless                      no_connection_id         
03:21:55    |              fclk1_div0              0       0        0        41666667    0          0     50000      Y               deviceless                      no_connection_id         
03:21:55    |                 fclk1_div1           0       0        0        41666667    0          0     50000      Y                  deviceless                      no_connection_id         
03:21:55    |                    fclk1             0       0        0        41666667    0          0     50000      Y                     deviceless                      no_connection_id         
03:21:55    |           fclk0_mux                  1       1        0        999999990   0          0     50000      Y            deviceless                      no_connection_id         
03:21:55    |              fclk0_div0              1       1        0        199999998   0          0     50000      Y               deviceless                      no_connection_id         
03:21:55    |                 fclk0_div1           1       1        0        99999999    0          0     50000      Y                  deviceless                      no_connection_id         
03:21:55    |                    fclk0             1       1        0        99999999    0          0     50000      Y                     deviceless                      no_connection_id         
03:21:56    |                total        used        free      shared  buff/cache   available
03:21:56    | Mem:             223         167          16         129         176          56
03:21:56    | MemAvailable:      57876 kB
03:21:56    | Shmem:            132492 kB
03:21:56    | CmaFree:            2280 kB
03:22:02    plx.py on the board, sha256 8f5c318330ac60fb matches
03:22:03    | PLX regs IO_PLL_CTRL 0x0001e000 FPGA0_CLK_CTRL 0x00200500 FPGA0_THR_CTRL 0x00000000 FPGA0_THR_CNT 0x00000000 FPGA0_THR_STA 0x00010000 FPGA_RST_CTRL 0x00000000 LVL_SHFTR_EN 0x0000000f DEVCFG_INT_STS 0x00000000
03:22:03    FCLK0 gate bit clear; PL loaded at boot: True
03:22:03  the guard's PL read never returned although its checks passed -- the PL is NOT read again. The registers above are what the PS saw; the console log has the boot
03:22:03  steps 2-5 skipped: what stopped the bus above must be understood first
03:22:03  VERDICT boot: the guard's read of 0x40000000 (platform registers) never returned although FCLK0's gate bit was clear, the level shifters on and the fabric out of reset -- something other than the FCLK0 gate stops that read; the PL was not read again
03:22:05    |   FCLK0 gate bit clear; PL loaded at boot: True
03:22:05    | VERDICT boot: the guard's read of 0x40000000 (platform registers) never returned although FCLK0's gate bit was clear, the level shifters on and the fabric out of reset -- something other than the FCLK0 gate stops that read; the PL was not read again
03:22:05    | steps 2-5 skipped: what stopped the bus above must be understood first
03:22:05  done; console logs and this summary in D:\espicpc\hardware\pz7020-starlite\linux\captures\experiment-20261006-031910-17484
driver rc=0
